T=5  n_inst=16
  n_jobs=1  hecho, wall medio 6.02s
  n_jobs=8  hecho, wall medio 6.03s
  n_jobs=8' hecho, wall medio 6.03s

instancia                                           j=1        j=8    j=8 rep    d(1,8)
BR8-93                                          94.9533    94.9533    94.9533   +0.0000
BR12-79                                         93.4965    93.3819    93.3819   +0.1146
BR9-4                                           94.5299    94.5299    94.5299   +0.0000
BR15-47                                         94.1644    94.1644    94.1644   +0.0000
BR11-51                                         94.5440    94.5440    94.5440   +0.0000
BR1-27                                          93.2803    93.2803    93.2803   +0.0000
BR2-76                                          95.2626    95.1746    95.2626   +0.0880
BR14-58                                         94.3880    94.3880    94.3880   +0.0000
BR10-40                                         93.9639    93.9639    93.9639   +0.0000
BR7-20                                          94.7578    94.7578    94.7578   +0.0000
BR6-35                                          94.9764    94.9764    94.9764   +0.0000
BR13-39                                         94.0872    94.0872    94.0872   +0.0000
BR5-95                                          96.2850    96.2850    96.2850   +0.0000
BR3-9                                           95.2354    95.2354    94.9700   +0.0000
BR4-69                                          95.6586    95.6586    95.6586   +0.0000
BR8-96                                          94.1709    94.1709    94.1709   +0.0000

cambian j=1 vs j=8 : 2/16   media dif +0.0127 pp   max |dif| 0.1146 pp
cambian j=8 vs j=8': 2/16  (reproducibilidad a carga constante)
wall max j=1 7.72s  j=8 7.75s  (exceso sobre -t 5)
