T=30  n_inst=16
  n_jobs=1  hecho, wall medio 31.06s
  n_jobs=8  hecho, wall medio 31.05s
  n_jobs=8' hecho, wall medio 31.06s

instancia                                           j=1        j=8    j=8 rep    d(1,8)
BR8-93                                          95.8907    95.8907    95.8907   +0.0000
BR12-79                                         94.8321    94.8321    94.8321   +0.0000
BR9-4                                           95.8019    95.8019    95.8019   +0.0000
BR15-47                                         94.7663    94.7663    94.7663   +0.0000
BR11-51                                         94.8284    94.8284    94.8284   +0.0000
BR1-27                                          93.7924    93.7924    93.7924   +0.0000
BR2-76                                          96.0527    96.0527    96.0527   +0.0000
BR14-58                                         94.5891    94.5891    94.5891   +0.0000
BR10-40                                         95.1924    94.9801    95.0601   +0.2123
BR7-20                                          95.3002    95.3002    95.3002   +0.0000
BR6-35                                          95.9051    95.9051    95.9051   +0.0000
BR13-39                                         95.0696    95.0209    94.9510   +0.0487
BR5-95                                          96.3678    96.3678    96.3678   +0.0000
BR3-9                                           95.8880    95.8880    95.8880   +0.0000
BR4-69                                          95.7376    95.7376    95.7376   +0.0000
BR8-96                                          95.3836    95.3836    95.3836   +0.0000

cambian j=1 vs j=8 : 2/16   media dif +0.0163 pp   max |dif| 0.2123 pp
cambian j=8 vs j=8': 2/16  (reproducibilidad a carga constante)
wall max j=1 32.75s  j=8 32.77s  (exceso sobre -t 30)
