==============================================================================
ETAPA 3 [exact]  1500 instancias  T=30s  timeout=75.0s  jobs=8
  confidence=1.0  tolerance=0.0116  cost_aware=False
==============================================================================
  reanudando: 0 evaluaciones ya en disco, 0 estrategias

[   210 runs] L=89.1% depth=17 -> <bsg a=4.0, b=2.0, g=0.1, p=0.01> (I=1.00)
[   235 runs] L=90.7% depth=17 -> <bsg a=4.0, b=0.5, g=0.1, p=0.01> (I=1.00)
[   260 runs] L=97.7% depth=17 -> <bsg a=4.0, b=2.0, g=0.1, p=0.01> (I=1.00)
[   285 runs] L=75.0% depth=17 -> <bsg a=4.0, b=2.0, g=0.3, p=0.01> (I=1.00)
[   310 runs] L=72.2% depth=17 -> <bsg a=8.0, b=0.5, g=0.1, p=0.01> (I=1.00)
[   335 runs] L=83.3% depth=17 -> <bsg a=4.0, b=2.0, g=0.3, p=0.01> (I=1.00)
[   360 runs] L=36.8% depth=14 -> <bsg a=4.0, b=2.0, g=0.1, p=0.01> (I=1.00)
[   385 runs] L= 0.0% depth=0 -> <bsg a=4.0, b=1.0, g=0.1, p=0.01> (I=1.00)
[   410 runs] L= 0.0% depth=0 -> <bsg a=4.0, b=0.5, g=0.1, p=0.01> (I=1.00)
[   435 runs] L= 0.0% depth=0 -> <bsg a=4.0, b=0.5, g=0.1, p=0.01> (I=1.00)
[   460 runs] L= 0.0% depth=0 -> <bsg a=4.0, b=0.5, g=0.1, p=0.01> (I=1.00)
[   485 runs] L= 0.0% depth=0 -> <bsg a=0.0, b=0.5, g=0.1, p=0.01> (I=1.00)
[   510 runs] L= 0.0% depth=0 -> <bsg a=0.0, b=0.5, g=0.1, p=0.01> (I=1.00)
[   535 runs] L= 0.0% depth=0 -> <bsg a=0.0, b=0.5, g=0.1, p=0.01> (I=1.00)
[   560 runs] L= 0.0% depth=0 -> <bsg a=0.0, b=0.5, g=0.1, p=0.01> (I=1.00)
[   585 runs] L= 0.0% depth=0 -> <bsg a=0.0, b=0.5, g=0.1, p=0.01> (I=1.00)
[   610 runs] L= 0.0% depth=0 -> <bsg a=0.0, b=0.5, g=0.1, p=0.01> (I=1.00)
[   635 runs] L= 0.0% depth=0 -> <bsg a=0.0, b=0.5, g=0.1, p=0.01> (I=1.00)
[   660 runs] L= 0.0% depth=0 -> <bsg a=0.0, b=0.5, g=0.1, p=0.01> (I=1.00)
[   685 runs] L= 0.0% depth=0 -> <bsg a=0.0, b=0.5, g=0.1, p=0.01> (I=1.00)
[   710 runs] L= 0.0% depth=0 -> <bsg a=0.0, b=0.5, g=0.1, p=0.01> (I=1.00)
[   735 runs] L= 0.0% depth=0 -> <bsg a=0.0, b=0.5, g=0.1, p=0.01> (I=1.00)
[   760 runs] L= 0.0% depth=0 -> <bsg a=0.0, b=0.5, g=0.1, p=0.01> (I=1.00)
[   785 runs] L= 0.0% depth=0 -> <bsg a=0.0, b=0.5, g=0.1, p=0.01> (I=1.00)
[   810 runs] L= 0.0% depth=0 -> <bsg a=0.0, b=0.5, g=0.1, p=0.01> (I=1.00)
[   835 runs] L= 0.0% depth=0 -> <bsg a=0.0, b=0.5, g=0.1, p=0.01> (I=1.00)
[   860 runs] L= 0.0% depth=0 -> <bsg a=0.0, b=0.5, g=0.1, p=0.01> (I=1.00)
[   885 runs] L= 0.0% depth=0 -> <bsg a=0.0, b=0.5, g=0.1, p=0.01> (I=1.00)
[   910 runs] L= 0.0% depth=0 -> <bsg a=0.0, b=0.5, g=0.1, p=0.01> (I=1.00)
[   935 runs] L= 0.0% depth=0 -> <bsg a=0.0, b=0.5, g=0.1, p=0.01> (I=1.00)
[   960 runs] L= 0.0% depth=0 -> <bsg a=0.0, b=0.5, g=0.1, p=0.01> (I=1.00)
[   985 runs] L= 0.0% depth=0 -> <bsg a=0.0, b=0.5, g=0.1, p=0.01> (I=1.00)
[  1010 runs] L= 0.0% depth=0 -> <bsg a=0.0, b=0.5, g=0.1, p=0.01> (I=1.00)
[  1035 runs] L= 0.0% depth=0 -> <bsg a=0.0, b=0.5, g=0.1, p=0.01> (I=1.00)
[  1060 runs] L= 0.0% depth=0 -> <bsg a=0.0, b=0.5, g=0.1, p=0.01> (I=1.00)
[  1085 runs] L= 0.0% depth=0 -> <bsg a=0.0, b=0.5, g=0.1, p=0.01> (I=1.00)
[  1110 runs] L= 0.0% depth=0 -> <bsg a=0.0, b=0.5, g=0.1, p=0.01> (I=1.00)
[  1135 runs] L= 0.0% depth=0 -> <bsg a=0.0, b=0.5, g=0.1, p=0.01> (I=1.00)
[  1160 runs] L= 0.0% depth=0 -> <bsg a=0.0, b=0.5, g=0.1, p=0.01> (I=1.00)
[  1185 runs] L= 0.0% depth=0 -> <bsg a=0.0, b=0.5, g=0.1, p=0.01> (I=1.00)
[  1210 runs] L= 0.0% depth=0 -> <bsg a=0.0, b=0.5, g=0.1, p=0.01> (I=1.00)
[  1235 runs] L= 0.0% depth=0 -> <bsg a=0.0, b=0.5, g=0.1, p=0.01> (I=1.00)
[  1260 runs] L= 0.0% depth=0 -> <bsg a=0.0, b=0.5, g=0.1, p=0.01> (I=1.00)
[  1285 runs] L= 0.0% depth=0 -> <bsg a=0.0, b=0.5, g=0.1, p=0.01> (I=1.00)
[  1310 runs] L= 0.0% depth=0 -> <bsg a=0.0, b=0.5, g=0.1, p=0.01> (I=1.00)
[  1335 runs] L= 0.0% depth=0 -> <bsg a=0.0, b=0.5, g=0.1, p=0.01> (I=1.00)
[  1360 runs] L= 0.0% depth=0 -> <bsg a=0.0, b=0.5, g=0.1, p=0.01> (I=1.00)
[  1385 runs] L= 0.0% depth=0 -> <bsg a=0.0, b=0.5, g=0.1, p=0.01> (I=1.00)
[  1410 runs] L= 0.0% depth=0 -> <bsg a=0.0, b=0.5, g=0.1, p=0.01> (I=1.00)
[  1435 runs] L= 0.0% depth=0 -> <bsg a=0.0, b=0.5, g=0.1, p=0.01> (I=1.00)
[  1460 runs] L= 0.0% depth=0 -> <bsg a=0.0, b=0.5, g=0.1, p=0.01> (I=1.00)
[  1485 runs] L= 0.0% depth=0 -> <bsg a=0.0, b=0.5, g=0.1, p=0.01> (I=1.00)
[  1510 runs] L= 0.0% depth=0 -> <bsg a=0.0, b=0.5, g=0.1, p=0.01> (I=1.00)
[  1535 runs] L= 0.0% depth=0 -> <bsg a=0.0, b=0.5, g=0.1, p=0.01> (I=1.00)
[  1560 runs] L= 0.0% depth=0 -> <bsg a=0.0, b=0.5, g=0.1, p=0.01> (I=1.00)
[  1585 runs] L= 0.0% depth=0 -> <bsg a=0.0, b=0.5, g=0.1, p=0.01> (I=1.00)
[  1610 runs] L= 0.0% depth=0 -> <bsg a=0.0, b=0.5, g=0.1, p=0.01> (I=1.00)
[  1635 runs] L= 0.0% depth=0 -> <bsg a=0.0, b=0.5, g=0.1, p=0.01> (I=1.00)
[  1660 runs] L= 0.0% depth=0 -> <bsg a=0.0, b=0.5, g=0.1, p=0.01> (I=1.00)
[  1685 runs] L= 0.0% depth=0 -> <bsg a=0.0, b=0.5, g=0.1, p=0.01> (I=1.00)
[  1710 runs] L= 0.0% depth=0 -> <bsg a=0.0, b=0.5, g=0.1, p=0.01> (I=1.00)
[  1735 runs] L= 0.0% depth=0 -> <bsg a=0.0, b=0.5, g=0.1, p=0.01> (I=1.00)
[  1760 runs] L= 0.0% depth=0 -> <bsg a=0.0, b=0.5, g=0.1, p=0.01> (I=1.00)
[  1785 runs] L= 0.0% depth=0 -> <bsg a=0.0, b=0.5, g=0.1, p=0.01> (I=1.00)
[  1810 runs] L= 0.0% depth=0 -> <bsg a=0.0, b=0.5, g=0.1, p=0.01> (I=1.00)
[  1835 runs] L= 0.0% depth=0 -> <bsg a=0.0, b=0.5, g=0.1, p=0.01> (I=1.00)
[  1860 runs] L= 0.0% depth=0 -> <bsg a=0.0, b=0.5, g=0.1, p=0.01> (I=1.00)
[  1885 runs] L= 0.0% depth=0 -> <bsg a=0.0, b=0.5, g=0.1, p=0.01> (I=1.00)
[  1910 runs] L= 0.0% depth=0 -> <bsg a=0.0, b=0.5, g=0.1, p=0.01> (I=1.00)
[  1935 runs] L= 0.0% depth=0 -> <bsg a=0.0, b=0.5, g=0.1, p=0.01> (I=1.00)
[  1960 runs] L= 0.0% depth=0 -> <bsg a=0.0, b=0.5, g=0.1, p=0.01> (I=1.00)
[  1970 runs] L= 0.0% depth=0 -> <bsg a=1.0, b=0.5, g=0.1, p=0.01> (I=1.00)
[  1995 runs] L= 0.0% depth=0 -> <bsg a=1.0, b=0.5, g=0.1, p=0.01> (I=1.00)
[  2020 runs] L= 0.0% depth=0 -> <bsg a=1.0, b=0.5, g=0.1, p=0.01> (I=1.00)
[  2045 runs] L= 0.0% depth=0 -> <bsg a=1.0, b=0.5, g=0.1, p=0.01> (I=1.00)
[  2070 runs] L= 0.0% depth=0 -> <bsg a=1.0, b=0.5, g=0.1, p=0.01> (I=1.00)
[  2095 runs] L= 0.0% depth=0 -> <bsg a=1.0, b=0.5, g=0.1, p=0.01> (I=1.00)
[  2120 runs] L= 0.0% depth=0 -> <bsg a=1.0, b=0.5, g=0.1, p=0.01> (I=1.00)
[  2145 runs] L= 0.0% depth=0 -> <bsg a=1.0, b=0.5, g=0.1, p=0.01> (I=1.00)
[  2170 runs] L= 0.0% depth=0 -> <bsg a=1.0, b=0.5, g=0.1, p=0.01> (I=1.00)
[  2195 runs] L= 0.0% depth=0 -> <bsg a=1.0, b=0.5, g=0.1, p=0.01> (I=1.00)
[  2220 runs] L= 0.0% depth=0 -> <bsg a=1.0, b=0.5, g=0.1, p=0.01> (I=1.00)
[  2245 runs] L= 0.0% depth=0 -> <bsg a=1.0, b=0.5, g=0.1, p=0.01> (I=1.00)
[  2270 runs] L= 0.0% depth=0 -> <bsg a=1.0, b=0.5, g=0.1, p=0.01> (I=1.00)
[  2295 runs] L= 0.0% depth=0 -> <bsg a=1.0, b=0.5, g=0.1, p=0.01> (I=1.00)
[  2320 runs] L= 0.0% depth=0 -> <bsg a=1.0, b=0.5, g=0.1, p=0.01> (I=1.00)
[  2345 runs] L= 0.0% depth=0 -> <bsg a=1.0, b=0.5, g=0.1, p=0.01> (I=1.00)
[  2370 runs] L= 0.0% depth=0 -> <bsg a=1.0, b=0.5, g=0.1, p=0.01> (I=1.00)
[  2395 runs] L= 0.0% depth=0 -> <bsg a=1.0, b=0.5, g=0.1, p=0.01> (I=1.00)
[  2420 runs] L= 0.0% depth=0 -> <bsg a=1.0, b=0.5, g=0.1, p=0.01> (I=1.00)
[  2445 runs] L= 0.0% depth=0 -> <bsg a=1.0, b=0.5, g=0.1, p=0.01> (I=1.00)
[  2470 runs] L= 0.0% depth=0 -> <bsg a=1.0, b=0.5, g=0.1, p=0.01> (I=1.00)
[  2495 runs] L= 0.0% depth=0 -> <bsg a=1.0, b=0.5, g=0.1, p=0.01> (I=1.00)
[  2520 runs] L= 0.0% depth=0 -> <bsg a=1.0, b=0.5, g=0.1, p=0.01> (I=1.00)
[  2545 runs] L= 0.0% depth=0 -> <bsg a=1.0, b=0.5, g=0.1, p=0.01> (I=1.00)
[  2570 runs] L= 0.0% depth=0 -> <bsg a=1.0, b=0.5, g=0.1, p=0.01> (I=1.00)
[  2595 runs] L= 0.0% depth=0 -> <bsg a=1.0, b=0.5, g=0.1, p=0.01> (I=1.00)
[  2620 runs] L= 0.0% depth=0 -> <bsg a=1.0, b=0.5, g=0.1, p=0.01> (I=1.00)
[  2645 runs] L= 0.0% depth=0 -> <bsg a=1.0, b=0.5, g=0.1, p=0.01> (I=1.00)
[  2670 runs] L= 0.0% depth=0 -> <bsg a=1.0, b=0.5, g=0.1, p=0.01> (I=1.00)
[  2695 runs] L= 0.0% depth=0 -> <bsg a=1.0, b=0.5, g=0.1, p=0.01> (I=1.00)
[  2720 runs] L= 0.0% depth=0 -> <bsg a=1.0, b=0.5, g=0.1, p=0.01> (I=1.00)
[  2745 runs] L= 0.0% depth=0 -> <bsg a=1.0, b=0.5, g=0.1, p=0.01> (I=1.00)
[  2770 runs] L= 0.0% depth=0 -> <bsg a=1.0, b=0.5, g=0.1, p=0.01> (I=1.00)
[  2795 runs] L= 0.0% depth=0 -> <bsg a=1.0, b=0.5, g=0.1, p=0.01> (I=1.00)
[  2820 runs] L= 0.0% depth=0 -> <bsg a=1.0, b=0.5, g=0.1, p=0.01> (I=1.00)
[  2845 runs] L= 0.0% depth=0 -> <bsg a=1.0, b=0.5, g=0.1, p=0.01> (I=1.00)
[  2870 runs] L= 0.0% depth=0 -> <bsg a=1.0, b=0.5, g=0.1, p=0.01> (I=1.00)
[  2895 runs] L= 0.0% depth=0 -> <bsg a=1.0, b=0.5, g=0.1, p=0.01> (I=1.00)
[  2920 runs] L= 0.0% depth=0 -> <bsg a=1.0, b=0.5, g=0.1, p=0.01> (I=1.00)
[  2945 runs] L= 0.0% depth=0 -> <bsg a=1.0, b=0.5, g=0.1, p=0.01> (I=1.00)
[  2970 runs] L= 0.0% depth=0 -> <bsg a=1.0, b=0.5, g=0.1, p=0.01> (I=1.00)
[  2995 runs] L= 0.0% depth=0 -> <bsg a=1.0, b=0.5, g=0.1, p=0.01> (I=1.00)
[  3020 runs] L= 0.0% depth=0 -> <bsg a=1.0, b=0.5, g=0.1, p=0.01> (I=1.00)
[  3045 runs] L= 0.0% depth=0 -> <bsg a=1.0, b=0.5, g=0.1, p=0.01> (I=1.00)
[  3070 runs] L= 0.0% depth=0 -> <bsg a=1.0, b=0.5, g=0.1, p=0.01> (I=1.00)
[  3095 runs] L= 0.0% depth=0 -> <bsg a=1.0, b=0.5, g=0.1, p=0.01> (I=1.00)
[  3120 runs] L= 0.0% depth=0 -> <bsg a=1.0, b=0.5, g=0.1, p=0.01> (I=1.00)
[  3145 runs] L= 0.0% depth=0 -> <bsg a=1.0, b=0.5, g=0.1, p=0.01> (I=1.00)
[  3170 runs] L= 0.0% depth=0 -> <bsg a=1.0, b=0.5, g=0.1, p=0.01> (I=1.00)
[  3195 runs] L= 0.0% depth=0 -> <bsg a=1.0, b=0.5, g=0.1, p=0.01> (I=1.00)
[  3220 runs] L= 0.0% depth=0 -> <bsg a=1.0, b=0.5, g=0.1, p=0.01> (I=1.00)
[  3245 runs] L= 0.0% depth=0 -> <bsg a=1.0, b=0.5, g=0.1, p=0.01> (I=1.00)
[  3270 runs] L= 0.0% depth=0 -> <bsg a=1.0, b=0.5, g=0.1, p=0.01> (I=1.00)
[  3295 runs] L= 0.0% depth=0 -> <bsg a=1.0, b=0.5, g=0.1, p=0.01> (I=1.00)
[  3320 runs] L= 0.0% depth=0 -> <bsg a=1.0, b=0.5, g=0.1, p=0.01> (I=1.00)
[  3345 runs] L= 0.0% depth=0 -> <bsg a=1.0, b=0.5, g=0.1, p=0.01> (I=1.00)
[  3370 runs] L= 0.0% depth=0 -> <bsg a=2.0, b=0.5, g=0.1, p=0.01> (I=1.00)
[  3395 runs] L= 0.0% depth=0 -> <bsg a=1.0, b=0.5, g=0.1, p=0.01> (I=1.00)
[  3420 runs] L=50.0% depth=17 -> <bsg a=1.0, b=0.5, g=0.1, p=0.01> (I=1.00)
[  3445 runs] L= 0.0% depth=15 -> <bsg a=1.0, b=0.5, g=0.1, p=0.01> (I=1.00)
[  3470 runs] L= 0.0% depth=14 -> <bsg a=4.0, b=2.0, g=0.2, p=0.01> (I=1.00)
[  3495 runs] L= 0.0% depth=14 -> <bsg a=4.0, b=0.5, g=0.1, p=0.01> (I=1.00)
[  3520 runs] L=20.0% depth=17 -> <bsg a=4.0, b=2.0, g=0.3, p=0.02> (I=1.00)
[  3545 runs] L= 0.0% depth=14 -> <bsg a=4.0, b=0.5, g=0.1, p=0.01> (I=1.00)
[  3570 runs] L=100.0% depth=17 -> <bsg a=1.0, b=0.5, g=0.1, p=0.01> (I=1.00)

(4.0, 2.0, 0.3, 0.01)  (likelihood 100%, 3570 runs vs 21000 sequential, -17430 wasted)
  runs            = 3570
  sequential_runs = 21000
  speedup         = 5.88x
  likelihood      = 1.0000
  wasted_runs     = -17430
  wall            = 4.80 h
  log -> /home/iaraya/sepeculative_experiments/T4exps_clean/runs/stage3_exact_history.csv
