==============================================================================
ETAPA 3 [exact]  1500 instancias  T=30s  timeout=75.0s  jobs=8
  confidence=2.0  tolerance=0.0116  cost_aware=False
==============================================================================
  reanudando: 3570 evaluaciones ya en disco, 14 estrategias

  ~~ reanudado: 1500 evaluaciones de a=0.0, b=0.5, g=0.1, p=0.01
  ~~ reanudado: 1490 evaluaciones de a=1.0, b=0.5, g=0.1, p=0.01
  ~~ reanudado: 40 evaluaciones de a=2.0, b=0.5, g=0.1, p=0.01
  ~~ reanudado: 165 evaluaciones de a=4.0, b=0.5, g=0.1, p=0.01
  ~~ reanudado: 40 evaluaciones de a=8.0, b=0.5, g=0.1, p=0.01
  ~~ reanudado: 40 evaluaciones de a=4.0, b=1.0, g=0.1, p=0.01
  ~~ reanudado: 90 evaluaciones de a=4.0, b=2.0, g=0.1, p=0.01
  ~~ reanudado: 15 evaluaciones de a=4.0, b=4.0, g=0.1, p=0.01
  ~~ reanudado: 40 evaluaciones de a=4.0, b=2.0, g=0.2, p=0.01
  ~~ reanudado: 65 evaluaciones de a=4.0, b=2.0, g=0.3, p=0.01
  ~~ reanudado: 15 evaluaciones de a=4.0, b=2.0, g=0.4, p=0.01
  ~~ reanudado: 40 evaluaciones de a=4.0, b=2.0, g=0.3, p=0.02
  ~~ reanudado: 15 evaluaciones de a=4.0, b=2.0, g=0.3, p=0.03
  ~~ reanudado: 15 evaluaciones de a=4.0, b=2.0, g=0.3, p=0.04
[  3570 runs] L= 0.0% depth=0 -> <bsg a=1.0, b=0.5, g=0.1, p=0.01> (I=1.00)
[  3580 runs] L=33.3% depth=17 -> <bsg a=4.0, b=1.0, g=0.1, p=0.01> (I=1.00)
[  3605 runs] L=75.0% depth=17 -> <bsg a=4.0, b=2.0, g=0.3, p=0.02> (I=1.00)
[  3630 runs] L= 0.0% depth=0 -> <bsg a=2.0, b=0.5, g=0.1, p=0.01> (I=1.00)
[  3655 runs] L= 0.0% depth=0 -> <bsg a=2.0, b=0.5, g=0.1, p=0.01> (I=1.00)
[  3680 runs] L= 0.0% depth=0 -> <bsg a=2.0, b=0.5, g=0.1, p=0.01> (I=1.00)
[  3705 runs] L= 0.0% depth=0 -> <bsg a=2.0, b=0.5, g=0.1, p=0.01> (I=1.00)
[  3730 runs] L= 0.0% depth=0 -> <bsg a=2.0, b=0.5, g=0.1, p=0.01> (I=1.00)
[  3755 runs] L= 0.0% depth=0 -> <bsg a=2.0, b=0.5, g=0.1, p=0.01> (I=1.00)
[  3780 runs] L= 0.0% depth=0 -> <bsg a=2.0, b=0.5, g=0.1, p=0.01> (I=1.00)
[  3805 runs] L= 0.0% depth=0 -> <bsg a=2.0, b=0.5, g=0.1, p=0.01> (I=1.00)
[  3830 runs] L= 0.0% depth=0 -> <bsg a=2.0, b=0.5, g=0.1, p=0.01> (I=1.00)
[  3855 runs] L= 0.0% depth=0 -> <bsg a=2.0, b=0.5, g=0.1, p=0.01> (I=1.00)
[  3880 runs] L= 0.0% depth=0 -> <bsg a=2.0, b=0.5, g=0.1, p=0.01> (I=1.00)
[  3905 runs] L= 0.0% depth=0 -> <bsg a=2.0, b=0.5, g=0.1, p=0.01> (I=1.00)
[  3930 runs] L= 0.0% depth=0 -> <bsg a=2.0, b=0.5, g=0.1, p=0.01> (I=1.00)
[  3955 runs] L= 0.0% depth=0 -> <bsg a=2.0, b=0.5, g=0.1, p=0.01> (I=1.00)
[  3980 runs] L= 0.0% depth=0 -> <bsg a=2.0, b=0.5, g=0.1, p=0.01> (I=1.00)
[  4005 runs] L= 0.0% depth=0 -> <bsg a=2.0, b=0.5, g=0.1, p=0.01> (I=1.00)
[  4030 runs] L= 0.0% depth=0 -> <bsg a=2.0, b=0.5, g=0.1, p=0.01> (I=1.00)
[  4055 runs] L= 0.0% depth=0 -> <bsg a=2.0, b=0.5, g=0.1, p=0.01> (I=1.00)
[  4080 runs] L= 0.0% depth=0 -> <bsg a=2.0, b=0.5, g=0.1, p=0.01> (I=1.00)
[  4105 runs] L= 0.0% depth=0 -> <bsg a=2.0, b=0.5, g=0.1, p=0.01> (I=1.00)
[  4130 runs] L= 0.0% depth=0 -> <bsg a=2.0, b=0.5, g=0.1, p=0.01> (I=1.00)
[  4155 runs] L= 0.0% depth=0 -> <bsg a=2.0, b=0.5, g=0.1, p=0.01> (I=1.00)
[  4180 runs] L= 0.0% depth=0 -> <bsg a=2.0, b=0.5, g=0.1, p=0.01> (I=1.00)
[  4205 runs] L= 0.0% depth=0 -> <bsg a=2.0, b=0.5, g=0.1, p=0.01> (I=1.00)
[  4230 runs] L= 0.0% depth=0 -> <bsg a=2.0, b=0.5, g=0.1, p=0.01> (I=1.00)
[  4255 runs] L= 0.0% depth=0 -> <bsg a=2.0, b=0.5, g=0.1, p=0.01> (I=1.00)
[  4280 runs] L= 0.0% depth=0 -> <bsg a=2.0, b=0.5, g=0.1, p=0.01> (I=1.00)
[  4305 runs] L= 0.0% depth=0 -> <bsg a=2.0, b=0.5, g=0.1, p=0.01> (I=1.00)
[  4330 runs] L= 0.0% depth=0 -> <bsg a=2.0, b=0.5, g=0.1, p=0.01> (I=1.00)
[  4355 runs] L= 0.0% depth=0 -> <bsg a=2.0, b=0.5, g=0.1, p=0.01> (I=1.00)
[  4380 runs] L=100.0% depth=17 -> <bsg a=4.0, b=0.5, g=0.1, p=0.01> (I=1.00)
[  4405 runs] L= 0.0% depth=0 -> <bsg a=2.0, b=0.5, g=0.1, p=0.01> (I=1.00)
[  4430 runs] L=93.3% depth=17 -> <bsg a=4.0, b=0.5, g=0.1, p=0.01> (I=1.00)
[  4455 runs] L=87.5% depth=17 -> <bsg a=4.0, b=0.5, g=0.1, p=0.01> (I=1.00)
[  4480 runs] L=83.3% depth=17 -> <bsg a=8.0, b=0.5, g=0.1, p=0.01> (I=1.00)
[  4640 runs] L=100.0% depth=17 -> <bsg a=8.0, b=1.0, g=0.4, p=0.01> (I=1.00)
[  4665 runs] L=100.0% depth=17 -> <bsg a=8.0, b=1.0, g=0.4, p=0.01> (I=1.00)
[  4690 runs] L=100.0% depth=17 -> <bsg a=8.0, b=0.5, g=0.1, p=0.01> (I=1.00)
[  4715 runs] L=96.1% depth=17 -> <bsg a=4.0, b=1.0, g=0.1, p=0.01> (I=1.00)
[  4740 runs] L=89.9% depth=17 -> <bsg a=4.0, b=2.0, g=0.3, p=0.03> (I=0.84)
[  4765 runs] L=99.6% depth=17 -> <bsg a=8.0, b=0.5, g=0.1, p=0.01> (I=1.00)
[  4790 runs] L=100.0% depth=17 -> <bsg a=2.0, b=0.5, g=0.1, p=0.01> (I=0.00)
[  4815 runs] L=100.0% depth=17 -> <bsg a=2.0, b=0.5, g=0.1, p=0.01> (I=0.00)
[  4840 runs] L=99.7% depth=17 -> <bsg a=4.0, b=2.0, g=0.1, p=0.01> (I=0.01)
[  4865 runs] L=100.0% depth=17 -> <bsg a=2.0, b=0.5, g=0.1, p=0.01> (I=0.00)
[  4890 runs] L=100.0% depth=17 -> <bsg a=4.0, b=2.0, g=0.3, p=0.01> (I=0.02)
[  4915 runs] L=65.2% depth=17 -> <bsg a=4.0, b=2.0, g=0.4, p=0.01> (I=1.00)
[  4940 runs] L=76.9% depth=17 -> <bsg a=4.0, b=2.0, g=0.3, p=0.02> (I=1.00)
[  4965 runs] L=89.3% depth=17 -> <bsg a=4.0, b=2.0, g=0.3, p=0.01> (I=1.00)
[  4990 runs] L=100.0% depth=17 -> <bsg a=4.0, b=1.0, g=0.1, p=0.01> (I=1.00)
[  5015 runs] L= 0.0% depth=0 -> <bsg a=2.0, b=0.5, g=0.1, p=0.01> (I=1.00)
[  5040 runs] L=90.0% depth=17 -> <bsg a=4.0, b=2.0, g=0.3, p=0.01> (I=1.00)
[  5065 runs] L= 0.0% depth=0 -> <bsg a=2.0, b=0.5, g=0.1, p=0.01> (I=1.00)
[  5090 runs] L= 0.0% depth=0 -> <bsg a=4.0, b=2.0, g=0.3, p=0.01> (I=1.00)
[  5115 runs] L= 0.0% depth=0 -> <bsg a=2.0, b=0.5, g=0.1, p=0.01> (I=1.00)
[  5140 runs] L= 0.0% depth=0 -> <bsg a=2.0, b=0.5, g=0.1, p=0.01> (I=1.00)
[  5165 runs] L= 0.0% depth=0 -> <bsg a=2.0, b=0.5, g=0.1, p=0.01> (I=1.00)
[  5190 runs] L=100.0% depth=17 -> <bsg a=2.0, b=0.5, g=0.1, p=0.01> (I=1.00)
[  5215 runs] L= 0.0% depth=0 -> <bsg a=2.0, b=0.5, g=0.1, p=0.01> (I=1.00)
[  5240 runs] L= 0.0% depth=0 -> <bsg a=2.0, b=0.5, g=0.1, p=0.01> (I=1.00)
[  5265 runs] L= 0.0% depth=14 -> <bsg a=4.0, b=2.0, g=0.1, p=0.01> (I=1.00)
[  5290 runs] L= 0.0% depth=14 -> <bsg a=4.0, b=2.0, g=0.1, p=0.01> (I=1.00)
[  5315 runs] L= 0.0% depth=0 -> <bsg a=2.0, b=0.5, g=0.1, p=0.01> (I=1.00)
[  5340 runs] L= 0.0% depth=0 -> <bsg a=2.0, b=0.5, g=0.1, p=0.01> (I=1.00)
[  5365 runs] L= 0.0% depth=0 -> <bsg a=2.0, b=0.5, g=0.1, p=0.01> (I=1.00)
[  5390 runs] L= 0.0% depth=0 -> <bsg a=4.0, b=2.0, g=0.4, p=0.01> (I=1.00)
[  5415 runs] L= 0.0% depth=15 -> <bsg a=4.0, b=1.0, g=0.1, p=0.01> (I=1.00)
[  5440 runs] L= 0.0% depth=15 -> <bsg a=2.0, b=0.5, g=0.1, p=0.01> (I=1.00)
[  5465 runs] L= 0.0% depth=14 -> <bsg a=2.0, b=0.5, g=0.1, p=0.01> (I=1.00)
[  5490 runs] L= 0.0% depth=0 -> <bsg a=4.0, b=2.0, g=0.3, p=0.01> (I=1.00)
[  5515 runs] L= 0.0% depth=14 -> <bsg a=4.0, b=1.0, g=0.1, p=0.01> (I=1.00)
[  5630 runs] L=82.4% depth=17 -> <bsg a=4.0, b=1.0, g=0.2, p=0.01> (I=1.00)
[  5655 runs] L=96.2% depth=17 -> <bsg a=4.0, b=1.0, g=0.4, p=0.01> (I=1.00)
[  5680 runs] L=88.6% depth=17 -> <bsg a=4.0, b=4.0, g=0.1, p=0.01> (I=1.00)
[  5705 runs] L=96.2% depth=17 -> <bsg a=4.0, b=1.0, g=0.1, p=0.01> (I=1.00)
[  5730 runs] L=88.9% depth=17 -> <bsg a=4.0, b=1.0, g=0.4, p=0.01> (I=1.00)
[  5755 runs] L=94.4% depth=17 -> <bsg a=4.0, b=1.0, g=0.4, p=0.01> (I=1.00)
[  5780 runs] L=60.0% depth=17 -> <bsg a=4.0, b=1.0, g=0.4, p=0.01> (I=1.00)
[  5805 runs] L=63.6% depth=17 -> <bsg a=4.0, b=1.0, g=0.4, p=0.03> (I=1.00)
[  5830 runs] L=66.7% depth=17 -> <bsg a=4.0, b=1.0, g=0.1, p=0.01> (I=1.00)
[  5855 runs] L=75.0% depth=17 -> <bsg a=4.0, b=0.5, g=0.1, p=0.01> (I=1.00)
[  5880 runs] L=50.0% depth=17 -> <bsg a=4.0, b=1.0, g=0.4, p=0.03> (I=1.00)
[  5905 runs] L=66.7% depth=17 -> <bsg a=4.0, b=1.0, g=0.4, p=0.01> (I=1.00)
[  5930 runs] L=50.0% depth=17 -> <bsg a=4.0, b=1.0, g=0.4, p=0.01> (I=1.00)
[  5955 runs] L=100.0% depth=17 -> <bsg a=4.0, b=1.0, g=0.1, p=0.01> (I=1.00)
[  5980 runs] L=66.7% depth=17 -> <bsg a=4.0, b=1.0, g=0.4, p=0.02> (I=1.00)
[  6005 runs] L=50.0% depth=17 -> <bsg a=4.0, b=1.0, g=0.1, p=0.01> (I=1.00)
[  6030 runs] L=66.7% depth=17 -> <bsg a=4.0, b=1.0, g=0.4, p=0.01> (I=1.00)
[  6055 runs] L= 0.0% depth=15 -> <bsg a=4.0, b=1.0, g=0.1, p=0.01> (I=1.00)
[  6080 runs] L=40.0% depth=17 -> <bsg a=4.0, b=2.0, g=0.1, p=0.01> (I=1.00)
[  6105 runs] L= 0.0% depth=0 -> <bsg a=2.0, b=0.5, g=0.1, p=0.01> (I=1.00)
[  6130 runs] L= 0.0% depth=14 -> <bsg a=4.0, b=2.0, g=0.1, p=0.01> (I=1.00)
[  6155 runs] L= 0.0% depth=0 -> <bsg a=2.0, b=0.5, g=0.1, p=0.01> (I=1.00)
[  6180 runs] L= 0.0% depth=0 -> <bsg a=2.0, b=0.5, g=0.1, p=0.01> (I=1.00)
[  6205 runs] L= 0.0% depth=0 -> <bsg a=2.0, b=0.5, g=0.1, p=0.01> (I=1.00)
[  6230 runs] L= 0.0% depth=0 -> <bsg a=4.0, b=2.0, g=0.4, p=0.01> (I=1.00)
[  6255 runs] L=16.7% depth=17 -> <bsg a=4.0, b=2.0, g=0.1, p=0.01> (I=1.00)
[  6280 runs] L= 0.0% depth=15 -> <bsg a=4.0, b=2.0, g=0.3, p=0.02> (I=1.00)
[  6305 runs] L= 0.0% depth=14 -> <bsg a=4.0, b=1.0, g=0.1, p=0.01> (I=1.00)
[  6330 runs] L= 0.0% depth=14 -> <bsg a=4.0, b=2.0, g=0.1, p=0.01> (I=1.00)
[  6355 runs] L= 0.0% depth=14 -> <bsg a=4.0, b=4.0, g=0.1, p=0.01> (I=1.00)
[  6380 runs] L=11.8% depth=17 -> <bsg a=4.0, b=2.0, g=0.3, p=0.02> (I=1.00)
[  6405 runs] L=68.8% depth=17 -> <bsg a=4.0, b=2.0, g=0.3, p=0.01> (I=1.00)
[  6430 runs] L=57.1% depth=17 -> <bsg a=4.0, b=2.0, g=0.4, p=0.01> (I=1.00)
[  6500 runs] L=46.1% depth=17 -> <bsg a=4.0, b=2.0, g=0.2, p=0.01> (I=1.00)
[  6525 runs] L=38.5% depth=17 -> <bsg a=4.0, b=2.0, g=0.4, p=0.03> (I=1.00)
[  6550 runs] L=87.4% depth=17 -> <bsg a=4.0, b=2.0, g=0.4, p=0.02> (I=0.67)
[  6575 runs] L=62.6% depth=17 -> <bsg a=4.0, b=2.0, g=0.4, p=0.02> (I=1.00)
[  6600 runs] L=81.4% depth=17 -> <bsg a=4.0, b=2.0, g=0.2, p=0.01> (I=0.68)
[  6625 runs] L=83.1% depth=17 -> <bsg a=4.0, b=2.0, g=0.2, p=0.01> (I=1.00)
[  6650 runs] L=82.7% depth=17 -> <bsg a=4.0, b=2.0, g=0.2, p=0.01> (I=0.71)
[  6675 runs] L=86.5% depth=17 -> <bsg a=4.0, b=2.0, g=0.2, p=0.01> (I=1.00)
[  6700 runs] L=83.7% depth=17 -> <bsg a=4.0, b=2.0, g=0.2, p=0.01> (I=0.97)
[  6725 runs] L=86.8% depth=17 -> <bsg a=4.0, b=2.0, g=0.4, p=0.02> (I=0.54)
[  6750 runs] L=97.0% depth=17 -> <bsg a=4.0, b=2.0, g=0.2, p=0.01> (I=0.50)
[  6775 runs] L=97.8% depth=17 -> <bsg a=4.0, b=2.0, g=0.2, p=0.01> (I=0.58)
[  6800 runs] L=98.3% depth=17 -> <bsg a=4.0, b=2.0, g=0.2, p=0.01> (I=0.79)
[  6825 runs] L=98.3% depth=17 -> <bsg a=4.0, b=2.0, g=0.2, p=0.01> (I=0.02)
[  6850 runs] L=98.9% depth=17 -> <bsg a=4.0, b=2.0, g=0.4, p=0.03> (I=0.07)
[  6875 runs] L=84.2% depth=17 -> <bsg a=4.0, b=2.0, g=0.4, p=0.03> (I=0.59)
[  6900 runs] L=100.0% depth=17 -> <bsg a=4.0, b=2.0, g=0.1, p=0.01> (I=0.03)
[  6925 runs] L=100.0% depth=17 -> <bsg a=4.0, b=2.0, g=0.2, p=0.01> (I=0.16)
[  6950 runs] L=100.0% depth=17 -> <bsg a=4.0, b=2.0, g=0.2, p=0.01> (I=0.01)
[  6975 runs] L=100.0% depth=17 -> <bsg a=4.0, b=1.0, g=0.1, p=0.01> (I=0.03)
[  7000 runs] L=99.8% depth=17 -> <bsg a=4.0, b=1.0, g=0.1, p=0.01> (I=0.05)
[  7025 runs] L=99.8% depth=17 -> <bsg a=4.0, b=0.5, g=0.1, p=0.01> (I=0.02)
[  7050 runs] L=100.0% depth=17 -> <bsg a=4.0, b=2.0, g=0.2, p=0.01> (I=0.04)
[  7075 runs] L=100.0% depth=17 -> <bsg a=4.0, b=2.0, g=0.2, p=0.01> (I=0.06)
[  7100 runs] L=99.5% depth=17 -> <bsg a=4.0, b=2.0, g=0.2, p=0.01> (I=0.03)
[  7125 runs] L=100.0% depth=17 -> <bsg a=4.0, b=2.0, g=0.2, p=0.01> (I=0.02)
[  7150 runs] L=100.0% depth=17 -> <bsg a=4.0, b=2.0, g=0.2, p=0.01> (I=0.03)
[  7175 runs] L=100.0% depth=17 -> <bsg a=4.0, b=2.0, g=0.1, p=0.01> (I=0.01)
[  7200 runs] L=100.0% depth=17 -> <bsg a=4.0, b=2.0, g=0.1, p=0.01> (I=0.02)
[  7225 runs] L=99.7% depth=17 -> <bsg a=4.0, b=0.5, g=0.1, p=0.01> (I=0.01)
[  7250 runs] L=99.8% depth=17 -> <bsg a=4.0, b=2.0, g=0.1, p=0.01> (I=0.01)
[  7275 runs] L=100.0% depth=17 -> <bsg a=4.0, b=2.0, g=0.4, p=0.01> (I=0.01)
[  7300 runs] L=99.8% depth=17 -> <bsg a=4.0, b=2.0, g=0.4, p=0.02> (I=0.00)
[  7325 runs] L=100.0% depth=17 -> <bsg a=4.0, b=2.0, g=0.2, p=0.01> (I=0.01)
[  7350 runs] L=100.0% depth=17 -> <bsg a=2.0, b=0.5, g=0.1, p=0.01> (I=0.00)
[  7375 runs] L=99.7% depth=17 -> <bsg a=4.0, b=2.0, g=0.1, p=0.01> (I=0.02)
[  7400 runs] L=100.0% depth=17 -> <bsg a=4.0, b=2.0, g=0.1, p=0.01> (I=0.08)
[  7425 runs] L=100.0% depth=17 -> <bsg a=4.0, b=2.0, g=0.2, p=0.01> (I=0.33)
[  7450 runs] L=100.0% depth=17 -> <bsg a=4.0, b=2.0, g=0.1, p=0.01> (I=0.36)
[  7475 runs] L=99.8% depth=17 -> <bsg a=4.0, b=2.0, g=0.1, p=0.01> (I=0.49)
[  7500 runs] L=99.8% depth=17 -> <bsg a=4.0, b=2.0, g=0.1, p=0.01> (I=0.14)
[  7525 runs] L=100.0% depth=17 -> <bsg a=4.0, b=2.0, g=0.1, p=0.01> (I=0.16)
[  7550 runs] L=99.8% depth=17 -> <bsg a=4.0, b=2.0, g=0.1, p=0.01> (I=0.16)
[  7575 runs] L=100.0% depth=17 -> <bsg a=4.0, b=2.0, g=0.1, p=0.01> (I=0.21)
[  7600 runs] L=100.0% depth=17 -> <bsg a=4.0, b=2.0, g=0.1, p=0.01> (I=0.14)
[  7625 runs] L=100.0% depth=17 -> <bsg a=4.0, b=2.0, g=0.1, p=0.01> (I=0.21)
[  7650 runs] L=100.0% depth=17 -> <bsg a=4.0, b=2.0, g=0.2, p=0.01> (I=0.40)
[  7675 runs] L=100.0% depth=17 -> <bsg a=4.0, b=2.0, g=0.1, p=0.01> (I=0.03)
[  7700 runs] L=99.8% depth=17 -> <bsg a=4.0, b=2.0, g=0.1, p=0.01> (I=0.03)
[  7725 runs] L=99.5% depth=17 -> <bsg a=4.0, b=2.0, g=0.1, p=0.01> (I=0.01)
[  7750 runs] L=100.0% depth=17 -> <bsg a=4.0, b=2.0, g=0.2, p=0.01> (I=0.01)
[  7775 runs] L=99.7% depth=17 -> <bsg a=4.0, b=2.0, g=0.4, p=0.01> (I=0.01)
[  7800 runs] L=100.0% depth=17 -> <bsg a=2.0, b=0.5, g=0.1, p=0.01> (I=0.00)
[  7825 runs] L=99.7% depth=17 -> <bsg a=4.0, b=2.0, g=0.4, p=0.01> (I=0.01)
[  7850 runs] L=98.7% depth=17 -> <bsg a=4.0, b=2.0, g=0.4, p=0.01> (I=0.02)
[  7875 runs] L=98.8% depth=17 -> <bsg a=4.0, b=2.0, g=0.4, p=0.01> (I=0.07)
[  7900 runs] L=99.5% depth=17 -> <bsg a=4.0, b=2.0, g=0.4, p=0.01> (I=0.03)
[  7925 runs] L=99.0% depth=17 -> <bsg a=4.0, b=2.0, g=0.4, p=0.01> (I=0.00)
[  7950 runs] L=98.7% depth=17 -> <bsg a=4.0, b=2.0, g=0.4, p=0.01> (I=0.03)
[  7975 runs] L=98.0% depth=17 -> <bsg a=4.0, b=2.0, g=0.4, p=0.01> (I=0.08)
[  8000 runs] L=97.5% depth=17 -> <bsg a=4.0, b=2.0, g=0.4, p=0.01> (I=0.08)
[  8025 runs] L=99.5% depth=17 -> <bsg a=4.0, b=2.0, g=0.4, p=0.01> (I=0.06)
[  8050 runs] L=98.5% depth=17 -> <bsg a=4.0, b=2.0, g=0.4, p=0.01> (I=0.00)
[  8075 runs] L=97.5% depth=17 -> <bsg a=4.0, b=2.0, g=0.4, p=0.01> (I=0.02)
[  8100 runs] L=99.0% depth=17 -> <bsg a=4.0, b=2.0, g=0.4, p=0.01> (I=0.01)
[  8125 runs] L=100.0% depth=17 -> <bsg a=2.0, b=0.5, g=0.1, p=0.01> (I=0.00)
[  8150 runs] L=98.8% depth=17 -> <bsg a=4.0, b=2.0, g=0.4, p=0.01> (I=0.02)
[  8175 runs] L=99.8% depth=17 -> <bsg a=2.0, b=0.5, g=0.1, p=0.01> (I=0.00)
[  8200 runs] L=99.2% depth=17 -> <bsg a=4.0, b=2.0, g=0.4, p=0.01> (I=0.01)
[  8225 runs] L=97.7% depth=17 -> <bsg a=4.0, b=2.0, g=0.4, p=0.01> (I=0.04)
[  8250 runs] L=97.7% depth=17 -> <bsg a=4.0, b=2.0, g=0.4, p=0.01> (I=0.06)
[  8275 runs] L=96.7% depth=17 -> <bsg a=4.0, b=2.0, g=0.4, p=0.03> (I=0.17)
[  8300 runs] L=99.7% depth=17 -> <bsg a=4.0, b=2.0, g=0.4, p=0.01> (I=0.01)
[  8325 runs] L=99.2% depth=17 -> <bsg a=4.0, b=2.0, g=0.2, p=0.01> (I=0.01)
[  8350 runs] L=99.5% depth=17 -> <bsg a=2.0, b=0.5, g=0.1, p=0.01> (I=0.00)
[  8375 runs] L=100.0% depth=17 -> <bsg a=4.0, b=0.5, g=0.1, p=0.01> (I=0.01)
[  8400 runs] L=100.0% depth=17 -> <bsg a=4.0, b=2.0, g=0.4, p=0.01> (I=0.01)
[  8425 runs] L=99.5% depth=17 -> <bsg a=4.0, b=2.0, g=0.4, p=0.01> (I=0.01)
[  8450 runs] L=99.8% depth=17 -> <bsg a=4.0, b=2.0, g=0.4, p=0.01> (I=0.01)
[  8475 runs] L=99.8% depth=17 -> <bsg a=2.0, b=0.5, g=0.1, p=0.01> (I=0.00)
[  8500 runs] L=100.0% depth=17 -> <bsg a=2.0, b=0.5, g=0.1, p=0.01> (I=0.00)
[  8525 runs] L=100.0% depth=17 -> <bsg a=2.0, b=0.5, g=0.1, p=0.01> (I=0.00)
[  8535 runs] L=99.7% depth=17 -> <bsg a=4.0, b=2.0, g=0.4, p=0.01> (I=0.03)
[  8560 runs] L=100.0% depth=17 -> <bsg a=4.0, b=2.0, g=0.4, p=0.01> (I=0.01)
[  8585 runs] L=99.8% depth=17 -> <bsg a=4.0, b=0.5, g=0.1, p=0.01> (I=0.01)
[  8610 runs] L=99.7% depth=17 -> <bsg a=4.0, b=2.0, g=0.2, p=0.01> (I=0.02)
[  8635 runs] L=99.8% depth=17 -> <bsg a=4.0, b=2.0, g=0.4, p=0.01> (I=0.02)
[  8660 runs] L=99.8% depth=17 -> <bsg a=4.0, b=2.0, g=0.4, p=0.01> (I=0.01)
[  8685 runs] L=99.0% depth=17 -> <bsg a=4.0, b=2.0, g=0.4, p=0.01> (I=0.02)
[  8710 runs] L=98.0% depth=17 -> <bsg a=4.0, b=2.0, g=0.4, p=0.01> (I=0.02)
[  8735 runs] L=98.7% depth=17 -> <bsg a=4.0, b=2.0, g=0.4, p=0.01> (I=0.01)
[  8760 runs] L=97.2% depth=17 -> <bsg a=4.0, b=2.0, g=0.1, p=0.01> (I=0.02)
[  8785 runs] L=97.2% depth=17 -> <bsg a=4.0, b=2.0, g=0.4, p=0.01> (I=0.01)
[  8810 runs] L=99.5% depth=17 -> <bsg a=4.0, b=2.0, g=0.1, p=0.01> (I=0.00)
[  8835 runs] L=97.4% depth=17 -> <bsg a=4.0, b=2.0, g=0.2, p=0.01> (I=0.14)
[  8860 runs] L=98.2% depth=17 -> <bsg a=4.0, b=2.0, g=0.1, p=0.01> (I=0.04)
[  8885 runs] L=98.0% depth=17 -> <bsg a=4.0, b=2.0, g=0.4, p=0.01> (I=0.03)
[  8910 runs] L=97.5% depth=17 -> <bsg a=4.0, b=2.0, g=0.2, p=0.01> (I=0.06)
[  8935 runs] L=96.4% depth=17 -> <bsg a=4.0, b=2.0, g=0.4, p=0.02> (I=0.13)
[  8960 runs] L=97.2% depth=17 -> <bsg a=4.0, b=2.0, g=0.4, p=0.01> (I=0.05)
[  8985 runs] L=95.3% depth=17 -> <bsg a=4.0, b=2.0, g=0.4, p=0.02> (I=0.21)
[  9010 runs] L=95.7% depth=17 -> <bsg a=4.0, b=2.0, g=0.1, p=0.01> (I=0.14)
[  9035 runs] L=93.6% depth=17 -> <bsg a=4.0, b=2.0, g=0.4, p=0.02> (I=0.05)
[  9060 runs] L=97.7% depth=17 -> <bsg a=4.0, b=2.0, g=0.3, p=0.01> (I=0.14)
[  9085 runs] L=98.2% depth=17 -> <bsg a=4.0, b=0.5, g=0.1, p=0.01> (I=0.03)
[  9110 runs] L=99.0% depth=17 -> <bsg a=4.0, b=2.0, g=0.1, p=0.01> (I=0.02)
[  9135 runs] L=96.1% depth=17 -> <bsg a=4.0, b=0.5, g=0.1, p=0.01> (I=0.07)
[  9160 runs] L=98.9% depth=17 -> <bsg a=4.0, b=1.0, g=0.1, p=0.01> (I=0.14)
[  9185 runs] L=96.3% depth=17 -> <bsg a=4.0, b=1.0, g=0.1, p=0.01> (I=0.26)
[  9210 runs] L=97.3% depth=17 -> <bsg a=4.0, b=2.0, g=0.1, p=0.01> (I=0.06)
[  9235 runs] L=96.2% depth=17 -> <bsg a=4.0, b=2.0, g=0.4, p=0.01> (I=0.08)
[  9260 runs] L=97.0% depth=17 -> <bsg a=4.0, b=2.0, g=0.2, p=0.01> (I=0.07)
[  9285 runs] L=96.9% depth=17 -> <bsg a=4.0, b=2.0, g=0.2, p=0.01> (I=0.05)
[  9310 runs] L=95.4% depth=17 -> <bsg a=4.0, b=2.0, g=0.4, p=0.01> (I=0.06)
[  9335 runs] L=96.9% depth=17 -> <bsg a=4.0, b=2.0, g=0.4, p=0.01> (I=0.10)
[  9360 runs] L=95.0% depth=17 -> <bsg a=4.0, b=2.0, g=0.4, p=0.03> (I=0.14)
[  9385 runs] L=99.2% depth=17 -> <bsg a=4.0, b=2.0, g=0.4, p=0.01> (I=0.09)
[  9410 runs] L=98.1% depth=17 -> <bsg a=4.0, b=0.5, g=0.1, p=0.01> (I=0.10)
[  9435 runs] L=97.8% depth=17 -> <bsg a=4.0, b=2.0, g=0.4, p=0.01> (I=0.05)
[  9460 runs] L=97.5% depth=17 -> <bsg a=4.0, b=2.0, g=0.2, p=0.01> (I=0.03)
[  9485 runs] L=99.5% depth=17 -> <bsg a=4.0, b=2.0, g=0.2, p=0.01> (I=0.07)
[  9510 runs] L=97.8% depth=17 -> <bsg a=4.0, b=2.0, g=0.2, p=0.01> (I=0.12)
[  9535 runs] L=97.6% depth=17 -> <bsg a=4.0, b=2.0, g=0.4, p=0.01> (I=0.03)
[  9560 runs] L=99.2% depth=17 -> <bsg a=4.0, b=0.5, g=0.1, p=0.01> (I=0.06)
[  9585 runs] L=99.2% depth=17 -> <bsg a=4.0, b=1.0, g=0.1, p=0.01> (I=0.09)
[  9610 runs] L=98.7% depth=17 -> <bsg a=4.0, b=1.0, g=0.1, p=0.01> (I=0.10)
[  9635 runs] L=98.1% depth=17 -> <bsg a=4.0, b=0.5, g=0.1, p=0.01> (I=0.05)
[  9660 runs] L=98.6% depth=17 -> <bsg a=4.0, b=1.0, g=0.1, p=0.01> (I=0.06)
[  9685 runs] L=97.8% depth=17 -> <bsg a=4.0, b=2.0, g=0.2, p=0.01> (I=0.03)
[  9710 runs] L=97.9% depth=17 -> <bsg a=4.0, b=2.0, g=0.3, p=0.01> (I=0.07)
[  9735 runs] L=96.7% depth=17 -> <bsg a=4.0, b=1.0, g=0.1, p=0.01> (I=0.00)
[  9760 runs] L=97.8% depth=17 -> <bsg a=4.0, b=2.0, g=0.2, p=0.01> (I=0.06)
[  9785 runs] L=96.3% depth=17 -> <bsg a=4.0, b=2.0, g=0.4, p=0.02> (I=0.21)
[  9810 runs] L=97.7% depth=17 -> <bsg a=4.0, b=2.0, g=0.4, p=0.02> (I=0.13)
[  9835 runs] L=95.2% depth=17 -> <bsg a=4.0, b=2.0, g=0.4, p=0.02> (I=0.15)
[  9860 runs] L=95.8% depth=17 -> <bsg a=4.0, b=2.0, g=0.4, p=0.02> (I=0.18)
[  9885 runs] L=92.2% depth=17 -> <bsg a=4.0, b=2.0, g=0.4, p=0.02> (I=0.89)
[  9910 runs] L=98.0% depth=17 -> <bsg a=4.0, b=2.0, g=0.4, p=0.02> (I=0.05)
[  9935 runs] L=97.5% depth=17 -> <bsg a=4.0, b=2.0, g=0.4, p=0.02> (I=0.17)
[  9960 runs] L=98.3% depth=17 -> <bsg a=4.0, b=2.0, g=0.4, p=0.02> (I=0.21)
[  9985 runs] L=99.2% depth=17 -> <bsg a=4.0, b=2.0, g=0.1, p=0.01> (I=0.01)
[ 10010 runs] L=99.2% depth=17 -> <bsg a=4.0, b=0.5, g=0.1, p=0.01> (I=0.00)
[ 10035 runs] L=99.1% depth=17 -> <bsg a=4.0, b=2.0, g=0.4, p=0.01> (I=0.05)
[ 10060 runs] L=98.9% depth=17 -> <bsg a=4.0, b=2.0, g=0.4, p=0.01> (I=0.02)
[ 10085 runs] L=98.6% depth=17 -> <bsg a=4.0, b=2.0, g=0.1, p=0.01> (I=0.00)
[ 10110 runs] L=99.4% depth=17 -> <bsg a=4.0, b=2.0, g=0.4, p=0.01> (I=0.02)
[ 10135 runs] L=99.1% depth=17 -> <bsg a=4.0, b=2.0, g=0.4, p=0.01> (I=0.05)
[ 10160 runs] L=98.9% depth=17 -> <bsg a=4.0, b=2.0, g=0.4, p=0.01> (I=0.04)
[ 10185 runs] L=98.9% depth=17 -> <bsg a=4.0, b=2.0, g=0.4, p=0.01> (I=0.03)
[ 10210 runs] L=99.2% depth=17 -> <bsg a=4.0, b=2.0, g=0.2, p=0.01> (I=0.06)
[ 10235 runs] L=98.6% depth=17 -> <bsg a=4.0, b=2.0, g=0.3, p=0.01> (I=0.10)
[ 10260 runs] L=99.4% depth=17 -> <bsg a=4.0, b=2.0, g=0.4, p=0.01> (I=0.01)
[ 10285 runs] L=99.1% depth=17 -> <bsg a=4.0, b=2.0, g=0.2, p=0.01> (I=0.02)
[ 10310 runs] L=99.1% depth=17 -> <bsg a=4.0, b=2.0, g=0.3, p=0.01> (I=1.00)
[ 10335 runs] L=98.6% depth=17 -> <bsg a=4.0, b=2.0, g=0.2, p=0.01> (I=0.03)
[ 10360 runs] L=98.6% depth=17 -> <bsg a=4.0, b=2.0, g=0.4, p=0.01> (I=0.03)
[ 10385 runs] L=98.9% depth=17 -> <bsg a=4.0, b=2.0, g=0.2, p=0.01> (I=0.06)
[ 10410 runs] L=99.1% depth=17 -> <bsg a=4.0, b=2.0, g=0.4, p=0.01> (I=0.04)
[ 10435 runs] L=98.8% depth=17 -> <bsg a=4.0, b=2.0, g=0.2, p=0.01> (I=0.03)
[ 10460 runs] L=97.7% depth=17 -> <bsg a=4.0, b=2.0, g=0.4, p=0.01> (I=0.02)
[ 10485 runs] L=98.9% depth=17 -> <bsg a=4.0, b=0.5, g=0.1, p=0.01> (I=0.02)
[ 10510 runs] L=98.0% depth=17 -> <bsg a=4.0, b=2.0, g=0.4, p=0.01> (I=0.05)
[ 10535 runs] L=98.2% depth=17 -> <bsg a=4.0, b=0.5, g=0.1, p=0.01> (I=0.06)
[ 10560 runs] L=98.8% depth=17 -> <bsg a=4.0, b=0.5, g=0.1, p=0.01> (I=0.08)
[ 10585 runs] L=98.6% depth=17 -> <bsg a=4.0, b=0.5, g=0.1, p=0.01> (I=0.07)
[ 10610 runs] L=98.8% depth=17 -> <bsg a=4.0, b=0.5, g=0.1, p=0.01> (I=0.02)
[ 10635 runs] L=98.5% depth=17 -> <bsg a=4.0, b=2.0, g=0.4, p=0.01> (I=0.02)
[ 10660 runs] L=98.8% depth=17 -> <bsg a=4.0, b=0.5, g=0.1, p=0.01> (I=0.03)
[ 10685 runs] L=96.6% depth=17 -> <bsg a=4.0, b=2.0, g=0.3, p=0.01> (I=1.00)
[ 10710 runs] L=98.0% depth=17 -> <bsg a=4.0, b=2.0, g=0.2, p=0.01> (I=0.06)
[ 10735 runs] L=98.3% depth=17 -> <bsg a=4.0, b=2.0, g=0.2, p=0.01> (I=0.03)
[ 10760 runs] L=96.7% depth=17 -> <bsg a=4.0, b=2.0, g=0.2, p=0.01> (I=0.01)
[ 10785 runs] L=97.7% depth=17 -> <bsg a=4.0, b=1.0, g=0.1, p=0.01> (I=0.06)
[ 10810 runs] L=98.6% depth=17 -> <bsg a=4.0, b=2.0, g=0.3, p=0.01> (I=0.04)
[ 10835 runs] L=97.9% depth=17 -> <bsg a=4.0, b=2.0, g=0.4, p=0.01> (I=0.02)
[ 10860 runs] L=97.9% depth=17 -> <bsg a=4.0, b=1.0, g=0.1, p=0.01> (I=0.07)
[ 10885 runs] L=95.8% depth=17 -> <bsg a=4.0, b=2.0, g=0.2, p=0.01> (I=0.02)
[ 10910 runs] L=98.2% depth=17 -> <bsg a=4.0, b=2.0, g=0.2, p=0.01> (I=0.01)
[ 10935 runs] L=97.3% depth=17 -> <bsg a=4.0, b=2.0, g=0.4, p=0.01> (I=0.01)
[ 10960 runs] L=97.3% depth=17 -> <bsg a=4.0, b=2.0, g=0.2, p=0.01> (I=0.04)
[ 10985 runs] L=97.7% depth=17 -> <bsg a=4.0, b=2.0, g=0.2, p=0.01> (I=0.04)
[ 11010 runs] L=98.8% depth=17 -> <bsg a=4.0, b=2.0, g=0.4, p=0.01> (I=0.03)
[ 11035 runs] L=97.8% depth=17 -> <bsg a=4.0, b=2.0, g=0.4, p=0.01> (I=0.03)
[ 11060 runs] L=97.3% depth=17 -> <bsg a=4.0, b=2.0, g=0.1, p=0.01> (I=0.09)
[ 11085 runs] L=97.6% depth=17 -> <bsg a=4.0, b=2.0, g=0.3, p=0.01> (I=1.00)
[ 11110 runs] L=96.9% depth=17 -> <bsg a=4.0, b=2.0, g=0.2, p=0.01> (I=0.02)
[ 11135 runs] L=97.0% depth=17 -> <bsg a=4.0, b=2.0, g=0.3, p=0.01> (I=0.12)
[ 11160 runs] L=97.6% depth=17 -> <bsg a=4.0, b=2.0, g=0.2, p=0.01> (I=0.10)
[ 11185 runs] L=95.1% depth=17 -> <bsg a=4.0, b=2.0, g=0.4, p=0.02> (I=0.08)
[ 11210 runs] L=97.4% depth=17 -> <bsg a=4.0, b=2.0, g=0.3, p=0.01> (I=0.20)
[ 11235 runs] L=98.0% depth=17 -> <bsg a=4.0, b=2.0, g=0.2, p=0.01> (I=0.11)
[ 11260 runs] L=98.9% depth=17 -> <bsg a=4.0, b=2.0, g=0.1, p=0.01> (I=0.03)
[ 11285 runs] L=98.8% depth=17 -> <bsg a=4.0, b=2.0, g=0.3, p=0.01> (I=0.12)
[ 11310 runs] L=96.7% depth=17 -> <bsg a=4.0, b=2.0, g=0.1, p=0.01> (I=0.04)
[ 11335 runs] L=98.9% depth=17 -> <bsg a=4.0, b=2.0, g=0.2, p=0.01> (I=0.07)
[ 11360 runs] L=98.8% depth=17 -> <bsg a=4.0, b=2.0, g=0.4, p=0.01> (I=0.03)
[ 11385 runs] L=99.7% depth=17 -> <bsg a=4.0, b=2.0, g=0.2, p=0.01> (I=0.05)
[ 11410 runs] L=97.5% depth=17 -> <bsg a=4.0, b=2.0, g=0.2, p=0.01> (I=0.01)
[ 11435 runs] L=99.1% depth=17 -> <bsg a=4.0, b=0.5, g=0.1, p=0.01> (I=0.02)
[ 11460 runs] L=98.5% depth=17 -> <bsg a=4.0, b=2.0, g=0.3, p=0.01> (I=0.01)
[ 11485 runs] L=98.5% depth=17 -> <bsg a=4.0, b=2.0, g=0.2, p=0.01> (I=0.02)
[ 11510 runs] L=98.0% depth=17 -> <bsg a=4.0, b=2.0, g=0.2, p=0.01> (I=0.00)
[ 11535 runs] L=98.5% depth=17 -> <bsg a=4.0, b=1.0, g=0.1, p=0.01> (I=0.04)
[ 11560 runs] L=96.8% depth=17 -> <bsg a=4.0, b=2.0, g=0.2, p=0.01> (I=0.02)
[ 11585 runs] L=98.8% depth=17 -> <bsg a=4.0, b=2.0, g=0.4, p=0.01> (I=0.05)
[ 11595 runs] L=97.0% depth=17 -> <bsg a=4.0, b=2.0, g=0.1, p=0.01> (I=0.01)
[ 11620 runs] L=98.6% depth=17 -> <bsg a=4.0, b=1.0, g=0.1, p=0.01> (I=0.04)
[ 11645 runs] L=98.9% depth=17 -> <bsg a=4.0, b=0.5, g=0.1, p=0.01> (I=0.02)
[ 11670 runs] L=98.6% depth=17 -> <bsg a=4.0, b=4.0, g=0.1, p=0.01> (I=0.03)
[ 11695 runs] L=97.8% depth=17 -> <bsg a=4.0, b=2.0, g=0.2, p=0.01> (I=0.03)
[ 11720 runs] L=96.6% depth=17 -> <bsg a=4.0, b=1.0, g=0.1, p=0.01> (I=0.02)
[ 11745 runs] L=97.8% depth=17 -> <bsg a=4.0, b=0.5, g=0.1, p=0.01> (I=0.02)
[ 11770 runs] L=99.2% depth=17 -> <bsg a=4.0, b=2.0, g=0.2, p=0.01> (I=0.01)
[ 11795 runs] L=97.0% depth=17 -> <bsg a=4.0, b=0.5, g=0.1, p=0.01> (I=0.00)
[ 11820 runs] L=98.0% depth=17 -> <bsg a=4.0, b=0.5, g=0.1, p=0.01> (I=0.03)
[ 11845 runs] L=98.1% depth=17 -> <bsg a=4.0, b=1.0, g=0.1, p=0.01> (I=0.07)
[ 11870 runs] L=96.7% depth=17 -> <bsg a=4.0, b=1.0, g=0.1, p=0.01> (I=0.01)
[ 11895 runs] L=98.4% depth=17 -> <bsg a=4.0, b=1.0, g=0.1, p=0.01> (I=0.06)
[ 11920 runs] L=98.0% depth=17 -> <bsg a=4.0, b=0.5, g=0.1, p=0.01> (I=0.00)
[ 11945 runs] L=97.9% depth=17 -> <bsg a=4.0, b=0.5, g=0.1, p=0.01> (I=0.05)
[ 11970 runs] L=98.1% depth=17 -> <bsg a=4.0, b=0.5, g=0.1, p=0.01> (I=0.08)
[ 11995 runs] L=97.5% depth=17 -> <bsg a=4.0, b=0.5, g=0.1, p=0.01> (I=0.02)
[ 12020 runs] L=97.8% depth=17 -> <bsg a=4.0, b=2.0, g=0.1, p=0.01> (I=0.04)
[ 12045 runs] L=97.5% depth=17 -> <bsg a=4.0, b=0.5, g=0.1, p=0.01> (I=0.03)
[ 12070 runs] L=97.4% depth=17 -> <bsg a=4.0, b=2.0, g=0.2, p=0.01> (I=0.03)
[ 12095 runs] L=95.7% depth=17 -> <bsg a=4.0, b=0.5, g=0.1, p=0.01> (I=0.02)
[ 12120 runs] L=96.4% depth=17 -> <bsg a=4.0, b=0.5, g=0.1, p=0.01> (I=0.04)
[ 12145 runs] L=97.7% depth=17 -> <bsg a=4.0, b=1.0, g=0.1, p=0.01> (I=0.10)
[ 12170 runs] L=95.8% depth=17 -> <bsg a=4.0, b=0.5, g=0.1, p=0.01> (I=0.09)
[ 12195 runs] L=94.9% depth=17 -> <bsg a=4.0, b=0.5, g=0.1, p=0.01> (I=0.06)
[ 12220 runs] L=97.1% depth=17 -> <bsg a=4.0, b=0.5, g=0.1, p=0.01> (I=0.02)
[ 12245 runs] L=97.2% depth=17 -> <bsg a=4.0, b=2.0, g=0.2, p=0.01> (I=0.02)
[ 12270 runs] L=97.8% depth=17 -> <bsg a=4.0, b=1.0, g=0.1, p=0.01> (I=0.07)
[ 12295 runs] L=97.7% depth=17 -> <bsg a=4.0, b=1.0, g=0.1, p=0.01> (I=0.00)
[ 12320 runs] L=97.7% depth=17 -> <bsg a=4.0, b=2.0, g=0.2, p=0.01> (I=0.00)
[ 12345 runs] L=98.0% depth=17 -> <bsg a=4.0, b=0.5, g=0.1, p=0.01> (I=0.01)
[ 12370 runs] L=95.0% depth=17 -> <bsg a=4.0, b=0.5, g=0.1, p=0.01> (I=0.04)
[ 12395 runs] L=95.4% depth=17 -> <bsg a=4.0, b=2.0, g=0.1, p=0.01> (I=0.04)
[ 12420 runs] L=96.4% depth=17 -> <bsg a=4.0, b=2.0, g=0.1, p=0.01> (I=0.06)
[ 12445 runs] L=98.1% depth=17 -> <bsg a=4.0, b=2.0, g=0.2, p=0.01> (I=0.00)
[ 12455 runs] L=96.4% depth=17 -> <bsg a=4.0, b=1.0, g=0.1, p=0.01> (I=0.00)
[ 12480 runs] L=96.6% depth=17 -> <bsg a=4.0, b=1.0, g=0.1, p=0.01> (I=0.00)
[ 12505 runs] L=94.0% depth=17 -> <bsg a=4.0, b=0.5, g=0.1, p=0.01> (I=0.06)
[ 12530 runs] L=95.9% depth=17 -> <bsg a=4.0, b=2.0, g=0.3, p=0.01> (I=1.00)
[ 12555 runs] L=95.5% depth=17 -> <bsg a=4.0, b=0.5, g=0.1, p=0.01> (I=0.03)
[ 12580 runs] L=93.9% depth=17 -> <bsg a=4.0, b=0.5, g=0.1, p=0.01> (I=0.00)
[ 12605 runs] L=96.8% depth=17 -> <bsg a=4.0, b=1.0, g=0.1, p=0.01> (I=0.02)
[ 12630 runs] L=95.9% depth=17 -> <bsg a=4.0, b=2.0, g=0.1, p=0.01> (I=0.01)
[ 12655 runs] L=93.4% depth=17 -> <bsg a=4.0, b=1.0, g=0.1, p=0.01> (I=0.00)
[ 12680 runs] L=95.7% depth=17 -> <bsg a=4.0, b=0.5, g=0.1, p=0.01> (I=0.00)
[ 12705 runs] L=96.8% depth=17 -> <bsg a=4.0, b=0.5, g=0.1, p=0.01> (I=0.02)
[ 12730 runs] L=97.1% depth=17 -> <bsg a=4.0, b=1.0, g=0.1, p=0.01> (I=0.00)
[ 12755 runs] L=96.0% depth=17 -> <bsg a=4.0, b=0.5, g=0.1, p=0.01> (I=0.00)
[ 12780 runs] L=95.0% depth=17 -> <bsg a=4.0, b=1.0, g=0.1, p=0.01> (I=0.00)
[ 12805 runs] L=96.0% depth=17 -> <bsg a=4.0, b=2.0, g=0.1, p=0.01> (I=0.00)
[ 12830 runs] L=95.6% depth=17 -> <bsg a=4.0, b=2.0, g=0.1, p=0.01> (I=0.01)
[ 12855 runs] L=94.0% depth=17 -> <bsg a=4.0, b=2.0, g=0.1, p=0.01> (I=0.03)
[ 12880 runs] L=95.3% depth=17 -> <bsg a=4.0, b=2.0, g=0.1, p=0.01> (I=0.00)
[ 12905 runs] L=95.9% depth=17 -> <bsg a=4.0, b=2.0, g=0.1, p=0.01> (I=0.00)
[ 12930 runs] L=97.1% depth=17 -> <bsg a=4.0, b=0.5, g=0.1, p=0.01> (I=0.00)
[ 12955 runs] L=97.1% depth=17 -> <bsg a=4.0, b=0.5, g=0.1, p=0.01> (I=0.00)
[ 12980 runs] L=95.6% depth=17 -> <bsg a=4.0, b=2.0, g=0.1, p=0.01> (I=0.00)
[ 13005 runs] L=94.9% depth=17 -> <bsg a=4.0, b=0.5, g=0.1, p=0.01> (I=0.01)
[ 13030 runs] L=96.6% depth=17 -> <bsg a=4.0, b=2.0, g=0.1, p=0.01> (I=0.03)
[ 13055 runs] L=96.0% depth=17 -> <bsg a=4.0, b=2.0, g=0.1, p=0.01> (I=0.00)
[ 13080 runs] L=96.0% depth=17 -> <bsg a=4.0, b=2.0, g=0.1, p=0.01> (I=0.05)
[ 13105 runs] L=95.6% depth=17 -> <bsg a=4.0, b=0.5, g=0.1, p=0.01> (I=0.00)
[ 13130 runs] L=94.2% depth=17 -> <bsg a=4.0, b=0.5, g=0.1, p=0.01> (I=0.00)
[ 13155 runs] L=96.6% depth=17 -> <bsg a=4.0, b=1.0, g=0.1, p=0.01> (I=0.00)
[ 13180 runs] L=97.1% depth=17 -> <bsg a=4.0, b=0.5, g=0.1, p=0.01> (I=0.02)
[ 13205 runs] L=93.9% depth=17 -> <bsg a=4.0, b=0.5, g=0.1, p=0.01> (I=0.00)
[ 13230 runs] L=94.0% depth=17 -> <bsg a=4.0, b=2.0, g=0.3, p=0.01> (I=0.01)
[ 13255 runs] L=96.5% depth=17 -> <bsg a=4.0, b=0.5, g=0.1, p=0.01> (I=0.00)
[ 13280 runs] L=96.2% depth=17 -> <bsg a=4.0, b=2.0, g=0.1, p=0.01> (I=0.00)
[ 13305 runs] L=93.0% depth=17 -> <bsg a=4.0, b=2.0, g=0.3, p=0.01> (I=1.00)
[ 13330 runs] L=95.9% depth=17 -> <bsg a=4.0, b=2.0, g=0.3, p=0.01> (I=1.00)
[ 13355 runs] L=94.1% depth=17 -> <bsg a=4.0, b=2.0, g=0.1, p=0.01> (I=0.00)
[ 13380 runs] L=92.8% depth=17 -> <bsg a=4.0, b=2.0, g=0.1, p=0.01> (I=0.05)
[ 13405 runs] L=94.8% depth=17 -> <bsg a=4.0, b=0.5, g=0.1, p=0.01> (I=0.01)
[ 13430 runs] L=95.6% depth=17 -> <bsg a=4.0, b=2.0, g=0.1, p=0.01> (I=0.01)
[ 13455 runs] L=94.6% depth=17 -> <bsg a=4.0, b=2.0, g=0.1, p=0.01> (I=0.00)
[ 13480 runs] L=95.2% depth=17 -> <bsg a=4.0, b=0.5, g=0.1, p=0.01> (I=0.02)
[ 13505 runs] L=95.2% depth=17 -> <bsg a=4.0, b=0.5, g=0.1, p=0.01> (I=0.02)
[ 13515 runs] L=94.1% depth=17 -> <bsg a=4.0, b=2.0, g=0.1, p=0.01> (I=0.00)
[ 13540 runs] L=95.3% depth=17 -> <bsg a=4.0, b=2.0, g=0.1, p=0.01> (I=0.00)
[ 13565 runs] L=94.8% depth=17 -> <bsg a=4.0, b=1.0, g=0.1, p=0.01> (I=0.01)
[ 13590 runs] L=94.6% depth=17 -> <bsg a=4.0, b=1.0, g=0.1, p=0.01> (I=0.02)
[ 13615 runs] L=94.6% depth=17 -> <bsg a=8.0, b=0.5, g=0.1, p=0.01> (I=0.00)
[ 13640 runs] L=94.3% depth=17 -> <bsg a=4.0, b=1.0, g=0.1, p=0.01> (I=0.01)
[ 13665 runs] L=95.3% depth=17 -> <bsg a=4.0, b=4.0, g=0.1, p=0.01> (I=0.06)
[ 13690 runs] L=94.1% depth=17 -> <bsg a=4.0, b=4.0, g=0.1, p=0.01> (I=0.00)
[ 13715 runs] L=95.7% depth=17 -> <bsg a=8.0, b=0.5, g=0.1, p=0.01> (I=0.00)
[ 13740 runs] L=97.7% depth=17 -> <bsg a=8.0, b=0.5, g=0.1, p=0.01> (I=0.00)
[ 13765 runs] L=96.3% depth=17 -> <bsg a=8.0, b=0.5, g=0.1, p=0.01> (I=0.04)
[ 13790 runs] L=98.2% depth=17 -> <bsg a=4.0, b=2.0, g=0.1, p=0.01> (I=0.00)
[ 13800 runs] L=95.6% depth=17 -> <bsg a=8.0, b=0.5, g=0.1, p=0.01> (I=0.00)
[ 13825 runs] L=96.6% depth=17 -> <bsg a=8.0, b=0.5, g=0.1, p=0.01> (I=0.00)
[ 13850 runs] L=96.3% depth=17 -> <bsg a=4.0, b=4.0, g=0.1, p=0.01> (I=0.03)
[ 13875 runs] L=97.2% depth=17 -> <bsg a=8.0, b=0.5, g=0.1, p=0.01> (I=0.00)
[ 13900 runs] L=96.7% depth=17 -> <bsg a=8.0, b=0.5, g=0.1, p=0.01> (I=0.00)
[ 13925 runs] L=96.9% depth=17 -> <bsg a=8.0, b=0.5, g=0.1, p=0.01> (I=0.00)
[ 13950 runs] L=96.7% depth=17 -> <bsg a=8.0, b=0.5, g=0.1, p=0.01> (I=0.00)
[ 13975 runs] L=96.9% depth=17 -> <bsg a=8.0, b=0.5, g=0.1, p=0.01> (I=0.00)
[ 14000 runs] L=96.9% depth=17 -> <bsg a=8.0, b=0.5, g=0.1, p=0.01> (I=0.00)
[ 14025 runs] L=98.7% depth=17 -> <bsg a=8.0, b=0.5, g=0.1, p=0.01> (I=0.01)
[ 14050 runs] L=98.0% depth=17 -> <bsg a=8.0, b=0.5, g=0.1, p=0.01> (I=0.00)
[ 14075 runs] L=97.9% depth=17 -> <bsg a=8.0, b=0.5, g=0.1, p=0.01> (I=0.01)
[ 14100 runs] L=96.2% depth=17 -> <bsg a=8.0, b=0.5, g=0.1, p=0.01> (I=0.00)
[ 14125 runs] L=98.7% depth=17 -> <bsg a=8.0, b=0.5, g=0.1, p=0.01> (I=0.00)
[ 14150 runs] L=98.7% depth=17 -> <bsg a=8.0, b=0.5, g=0.1, p=0.01> (I=0.00)
[ 14175 runs] L=97.7% depth=17 -> <bsg a=8.0, b=0.5, g=0.1, p=0.01> (I=0.00)
[ 14200 runs] L=97.7% depth=17 -> <bsg a=8.0, b=0.5, g=0.1, p=0.01> (I=0.00)
[ 14225 runs] L=96.2% depth=17 -> <bsg a=8.0, b=0.5, g=0.1, p=0.01> (I=0.00)
[ 14250 runs] L=96.7% depth=17 -> <bsg a=8.0, b=0.5, g=0.1, p=0.01> (I=0.03)
[ 14275 runs] L=96.7% depth=17 -> <bsg a=8.0, b=0.5, g=0.1, p=0.01> (I=0.00)
[ 14300 runs] L=95.4% depth=17 -> <bsg a=8.0, b=0.5, g=0.1, p=0.01> (I=0.02)
[ 14325 runs] L=95.7% depth=17 -> <bsg a=8.0, b=0.5, g=0.1, p=0.01> (I=0.01)
[ 14350 runs] L=97.9% depth=17 -> <bsg a=8.0, b=0.5, g=0.1, p=0.01> (I=0.00)
[ 14375 runs] L=94.4% depth=17 -> <bsg a=4.0, b=4.0, g=0.1, p=0.01> (I=0.10)
[ 14400 runs] L=94.9% depth=17 -> <bsg a=8.0, b=0.5, g=0.1, p=0.01> (I=0.00)
[ 14425 runs] L=97.0% depth=17 -> <bsg a=8.0, b=0.5, g=0.1, p=0.01> (I=0.00)
[ 14450 runs] L=96.9% depth=17 -> <bsg a=8.0, b=0.5, g=0.1, p=0.01> (I=0.00)
[ 14475 runs] L=95.9% depth=17 -> <bsg a=8.0, b=0.5, g=0.1, p=0.01> (I=0.00)
[ 14500 runs] L=94.9% depth=17 -> <bsg a=8.0, b=0.5, g=0.1, p=0.01> (I=0.00)
[ 14525 runs] L=96.4% depth=17 -> <bsg a=8.0, b=0.5, g=0.1, p=0.01> (I=0.00)
[ 14550 runs] L=96.2% depth=17 -> <bsg a=8.0, b=0.5, g=0.1, p=0.01> (I=0.04)
[ 14575 runs] L=95.7% depth=17 -> <bsg a=8.0, b=0.5, g=0.1, p=0.01> (I=0.01)
[ 14600 runs] L=96.4% depth=17 -> <bsg a=8.0, b=0.5, g=0.1, p=0.01> (I=0.00)
[ 14625 runs] L=96.7% depth=17 -> <bsg a=8.0, b=0.5, g=0.1, p=0.01> (I=0.00)
[ 14650 runs] L=94.3% depth=17 -> <bsg a=8.0, b=0.5, g=0.1, p=0.01> (I=0.00)
[ 14675 runs] L=94.6% depth=17 -> <bsg a=8.0, b=0.5, g=0.1, p=0.01> (I=0.02)
[ 14700 runs] L=95.6% depth=17 -> <bsg a=8.0, b=0.5, g=0.1, p=0.01> (I=0.00)
[ 14725 runs] L=95.6% depth=17 -> <bsg a=8.0, b=0.5, g=0.1, p=0.01> (I=0.00)
[ 14750 runs] L=94.3% depth=17 -> <bsg a=8.0, b=0.5, g=0.1, p=0.01> (I=0.01)
[ 14775 runs] L=94.4% depth=17 -> <bsg a=8.0, b=0.5, g=0.1, p=0.01> (I=0.00)
[ 14800 runs] L=93.9% depth=17 -> <bsg a=8.0, b=0.5, g=0.1, p=0.01> (I=0.03)
[ 14825 runs] L=95.7% depth=17 -> <bsg a=8.0, b=0.5, g=0.1, p=0.01> (I=0.01)
[ 14850 runs] L=95.4% depth=17 -> <bsg a=8.0, b=0.5, g=0.1, p=0.01> (I=0.00)
[ 14875 runs] L=95.8% depth=17 -> <bsg a=4.0, b=4.0, g=0.1, p=0.01> (I=0.04)
[ 14900 runs] L=93.9% depth=17 -> <bsg a=8.0, b=0.5, g=0.1, p=0.01> (I=0.00)
[ 14925 runs] L=96.2% depth=17 -> <bsg a=8.0, b=0.5, g=0.1, p=0.01> (I=0.00)
[ 14950 runs] L=95.4% depth=17 -> <bsg a=8.0, b=0.5, g=0.1, p=0.01> (I=0.00)
[ 14975 runs] L=96.2% depth=17 -> <bsg a=8.0, b=0.5, g=0.1, p=0.01> (I=0.00)
[ 15000 runs] L=95.4% depth=17 -> <bsg a=8.0, b=0.5, g=0.1, p=0.01> (I=0.00)
[ 15025 runs] L=95.2% depth=17 -> <bsg a=8.0, b=0.5, g=0.1, p=0.01> (I=0.00)
[ 15050 runs] L=94.7% depth=17 -> <bsg a=8.0, b=0.5, g=0.1, p=0.01> (I=0.00)
[ 15075 runs] L=95.2% depth=17 -> <bsg a=8.0, b=0.5, g=0.1, p=0.01> (I=0.02)
[ 15100 runs] L=97.2% depth=17 -> <bsg a=8.0, b=0.5, g=0.1, p=0.01> (I=0.04)
[ 15125 runs] L=96.2% depth=17 -> <bsg a=8.0, b=0.5, g=0.1, p=0.01> (I=0.02)
[ 15150 runs] L=94.2% depth=17 -> <bsg a=8.0, b=0.5, g=0.1, p=0.01> (I=0.04)
[ 15160 runs] L=97.7% depth=17 -> <bsg a=4.0, b=1.0, g=0.1, p=0.01> (I=0.00)
[ 15185 runs] L=95.5% depth=17 -> <bsg a=4.0, b=1.0, g=0.1, p=0.01> (I=0.00)
[ 15210 runs] L=96.2% depth=17 -> <bsg a=4.0, b=1.0, g=0.1, p=0.01> (I=0.05)
[ 15235 runs] L=92.4% depth=17 -> <bsg a=4.0, b=2.0, g=0.4, p=0.02> (I=1.00)
[ 15260 runs] L=92.2% depth=17 -> <bsg a=4.0, b=2.0, g=0.4, p=0.02> (I=1.00)
[ 15285 runs] L=91.6% depth=17 -> <bsg a=4.0, b=2.0, g=0.4, p=0.02> (I=1.00)
[ 15310 runs] L=96.2% depth=17 -> <bsg a=4.0, b=1.0, g=0.1, p=0.01> (I=0.02)
[ 15335 runs] L=97.0% depth=17 -> <bsg a=4.0, b=1.0, g=0.1, p=0.01> (I=0.00)
[ 15360 runs] L=94.7% depth=17 -> <bsg a=4.0, b=1.0, g=0.1, p=0.01> (I=0.00)
[ 15385 runs] L=95.0% depth=17 -> <bsg a=4.0, b=1.0, g=0.1, p=0.01> (I=0.00)
[ 15410 runs] L=95.2% depth=17 -> <bsg a=4.0, b=1.0, g=0.1, p=0.01> (I=0.01)
[ 15435 runs] L=94.7% depth=17 -> <bsg a=4.0, b=1.0, g=0.1, p=0.01> (I=0.02)
[ 15460 runs] L=97.2% depth=17 -> <bsg a=4.0, b=1.0, g=0.1, p=0.01> (I=0.04)
[ 15485 runs] L=97.2% depth=17 -> <bsg a=4.0, b=1.0, g=0.1, p=0.01> (I=0.03)
[ 15510 runs] L=94.5% depth=17 -> <bsg a=4.0, b=1.0, g=0.1, p=0.01> (I=0.04)
[ 15535 runs] L=95.4% depth=17 -> <bsg a=4.0, b=1.0, g=0.1, p=0.01> (I=0.02)
[ 15560 runs] L=96.2% depth=17 -> <bsg a=4.0, b=1.0, g=0.1, p=0.01> (I=0.00)
[ 15585 runs] L=96.7% depth=17 -> <bsg a=4.0, b=1.0, g=0.1, p=0.01> (I=0.00)
[ 15610 runs] L=96.5% depth=17 -> <bsg a=4.0, b=1.0, g=0.1, p=0.01> (I=0.00)
[ 15635 runs] L=97.5% depth=17 -> <bsg a=4.0, b=1.0, g=0.1, p=0.01> (I=0.00)
[ 15660 runs] L=95.4% depth=17 -> <bsg a=4.0, b=1.0, g=0.1, p=0.01> (I=0.01)
[ 15685 runs] L=95.9% depth=17 -> <bsg a=4.0, b=1.0, g=0.1, p=0.01> (I=0.02)
[ 15695 runs] L=95.2% depth=17 -> <bsg a=4.0, b=4.0, g=0.1, p=0.01> (I=0.02)
[ 15720 runs] L=95.0% depth=17 -> <bsg a=4.0, b=4.0, g=0.1, p=0.01> (I=0.00)
[ 15745 runs] L=95.7% depth=17 -> <bsg a=4.0, b=4.0, g=0.1, p=0.01> (I=0.00)
[ 15770 runs] L=95.5% depth=17 -> <bsg a=4.0, b=2.0, g=0.4, p=0.04> (I=0.04)
[ 15795 runs] L=94.9% depth=17 -> <bsg a=4.0, b=4.0, g=0.1, p=0.01> (I=1.00)
[ 15820 runs] L=96.8% depth=17 -> <bsg a=4.0, b=4.0, g=0.1, p=0.01> (I=1.00)
[ 15845 runs] L=95.6% depth=17 -> <bsg a=4.0, b=4.0, g=0.1, p=0.01> (I=1.00)
[ 15870 runs] L=96.2% depth=17 -> <bsg a=4.0, b=4.0, g=0.1, p=0.01> (I=1.00)
[ 15895 runs] L=94.4% depth=17 -> <bsg a=4.0, b=4.0, g=0.1, p=0.01> (I=0.03)
[ 15920 runs] L=97.5% depth=17 -> <bsg a=4.0, b=4.0, g=0.1, p=0.01> (I=0.00)
[ 15945 runs] L=95.9% depth=17 -> <bsg a=4.0, b=4.0, g=0.1, p=0.01> (I=0.00)
[ 15970 runs] L=94.7% depth=17 -> <bsg a=4.0, b=4.0, g=0.1, p=0.01> (I=0.00)
[ 15995 runs] L=96.2% depth=17 -> <bsg a=4.0, b=4.0, g=0.1, p=0.01> (I=0.04)
[ 16020 runs] L=98.0% depth=17 -> <bsg a=4.0, b=4.0, g=0.1, p=0.01> (I=0.00)
[ 16045 runs] L=96.7% depth=17 -> <bsg a=4.0, b=4.0, g=0.1, p=0.01> (I=0.00)
[ 16070 runs] L=95.4% depth=17 -> <bsg a=4.0, b=4.0, g=0.1, p=0.01> (I=0.00)
[ 16095 runs] L=96.0% depth=17 -> <bsg a=4.0, b=4.0, g=0.1, p=0.01> (I=0.03)
[ 16120 runs] L=96.2% depth=17 -> <bsg a=4.0, b=4.0, g=0.1, p=0.01> (I=0.02)
[ 16145 runs] L=95.9% depth=17 -> <bsg a=4.0, b=4.0, g=0.1, p=0.01> (I=0.01)
[ 16170 runs] L=96.0% depth=17 -> <bsg a=4.0, b=4.0, g=0.1, p=0.01> (I=0.02)
[ 16195 runs] L=95.7% depth=17 -> <bsg a=4.0, b=4.0, g=0.1, p=0.01> (I=0.00)
[ 16220 runs] L=96.2% depth=17 -> <bsg a=4.0, b=4.0, g=0.1, p=0.01> (I=0.01)
[ 16245 runs] L=95.2% depth=17 -> <bsg a=4.0, b=4.0, g=0.1, p=0.01> (I=0.00)
[ 16270 runs] L=96.7% depth=17 -> <bsg a=4.0, b=4.0, g=0.1, p=0.01> (I=0.01)
[ 16295 runs] L=96.2% depth=17 -> <bsg a=4.0, b=4.0, g=0.1, p=0.01> (I=0.02)
[ 16320 runs] L=94.2% depth=17 -> <bsg a=4.0, b=4.0, g=0.1, p=0.01> (I=0.05)
[ 16345 runs] L=93.5% depth=17 -> <bsg a=4.0, b=4.0, g=0.1, p=0.01> (I=0.00)
[ 16370 runs] L=94.2% depth=17 -> <bsg a=4.0, b=4.0, g=0.1, p=0.01> (I=0.01)
[ 16395 runs] L=96.2% depth=17 -> <bsg a=4.0, b=4.0, g=0.1, p=0.01> (I=0.00)
[ 16420 runs] L=92.9% depth=17 -> <bsg a=4.0, b=4.0, g=0.1, p=0.01> (I=0.05)
[ 16445 runs] L=96.2% depth=17 -> <bsg a=4.0, b=4.0, g=0.1, p=0.01> (I=0.00)
[ 16470 runs] L=94.7% depth=17 -> <bsg a=4.0, b=4.0, g=0.1, p=0.01> (I=0.00)
[ 16495 runs] L=94.4% depth=17 -> <bsg a=4.0, b=4.0, g=0.1, p=0.01> (I=0.00)
[ 16520 runs] L=96.7% depth=17 -> <bsg a=4.0, b=4.0, g=0.1, p=0.01> (I=0.00)
[ 16545 runs] L=93.4% depth=17 -> <bsg a=4.0, b=4.0, g=0.1, p=0.01> (I=0.00)
[ 16570 runs] L=93.0% depth=17 -> <bsg a=4.0, b=4.0, g=0.1, p=0.01> (I=0.01)
[ 16595 runs] L=94.4% depth=17 -> <bsg a=4.0, b=4.0, g=0.1, p=0.01> (I=0.00)
[ 16620 runs] L=91.1% depth=17 -> <bsg a=4.0, b=4.0, g=0.1, p=0.01> (I=0.00)
[ 16645 runs] L=95.5% depth=17 -> <bsg a=4.0, b=4.0, g=0.1, p=0.01> (I=0.00)
[ 16670 runs] L=94.5% depth=17 -> <bsg a=4.0, b=4.0, g=0.1, p=0.01> (I=0.04)
[ 16695 runs] L=93.9% depth=17 -> <bsg a=4.0, b=4.0, g=0.1, p=0.01> (I=0.00)
[ 16720 runs] L=94.4% depth=17 -> <bsg a=4.0, b=4.0, g=0.1, p=0.01> (I=0.01)
[ 16745 runs] L=95.5% depth=17 -> <bsg a=4.0, b=4.0, g=0.1, p=0.01> (I=0.00)
[ 16770 runs] L=95.7% depth=17 -> <bsg a=4.0, b=4.0, g=0.1, p=0.01> (I=0.00)
[ 16795 runs] L=95.2% depth=17 -> <bsg a=4.0, b=4.0, g=0.1, p=0.01> (I=0.03)
[ 16820 runs] L=95.5% depth=17 -> <bsg a=4.0, b=4.0, g=0.1, p=0.01> (I=0.02)
[ 16845 runs] L=93.9% depth=17 -> <bsg a=4.0, b=4.0, g=0.1, p=0.01> (I=0.01)
[ 16870 runs] L=96.2% depth=17 -> <bsg a=4.0, b=4.0, g=0.1, p=0.01> (I=0.00)
[ 16895 runs] L=92.5% depth=17 -> <bsg a=4.0, b=2.0, g=0.4, p=0.02> (I=1.00)
[ 16920 runs] L=97.2% depth=17 -> <bsg a=4.0, b=4.0, g=0.1, p=0.01> (I=0.01)
[ 16945 runs] L=96.4% depth=17 -> <bsg a=4.0, b=4.0, g=0.1, p=0.01> (I=0.00)
[ 16970 runs] L=97.2% depth=17 -> <bsg a=4.0, b=4.0, g=0.1, p=0.01> (I=0.01)
[ 16995 runs] L=97.2% depth=17 -> <bsg a=4.0, b=4.0, g=0.1, p=0.01> (I=0.00)
[ 17020 runs] L=98.5% depth=17 -> <bsg a=4.0, b=4.0, g=0.1, p=0.01> (I=0.01)
[ 17030 runs] L=96.2% depth=17 -> <bsg a=4.0, b=2.0, g=0.4, p=0.04> (I=0.03)
[ 17055 runs] L=98.7% depth=17 -> <bsg a=4.0, b=2.0, g=0.4, p=0.04> (I=0.02)
[ 17080 runs] L=97.0% depth=17 -> <bsg a=4.0, b=2.0, g=0.4, p=0.02> (I=0.02)
[ 17105 runs] L=98.0% depth=17 -> <bsg a=4.0, b=2.0, g=0.3, p=0.01> (I=0.00)
[ 17130 runs] L=98.5% depth=17 -> <bsg a=4.0, b=2.0, g=0.4, p=0.02> (I=0.01)
[ 17155 runs] L=98.5% depth=17 -> <bsg a=4.0, b=2.0, g=0.3, p=0.01> (I=0.00)
[ 17180 runs] L=97.2% depth=17 -> <bsg a=4.0, b=2.0, g=0.3, p=0.01> (I=0.00)
[ 17205 runs] L=98.7% depth=17 -> <bsg a=4.0, b=2.0, g=0.4, p=0.02> (I=0.03)
[ 17230 runs] L=96.2% depth=17 -> <bsg a=4.0, b=2.0, g=0.3, p=0.01> (I=0.00)
[ 17255 runs] L=97.5% depth=17 -> <bsg a=4.0, b=2.0, g=0.4, p=0.03> (I=0.00)
[ 17280 runs] L=99.2% depth=17 -> <bsg a=4.0, b=2.0, g=0.4, p=0.03> (I=0.00)
[ 17305 runs] L=99.5% depth=17 -> <bsg a=4.0, b=2.0, g=0.4, p=0.02> (I=0.00)
[ 17330 runs] L=95.9% depth=17 -> <bsg a=4.0, b=2.0, g=0.4, p=0.03> (I=0.00)
[ 17355 runs] L=97.2% depth=17 -> <bsg a=4.0, b=2.0, g=0.4, p=0.03> (I=0.01)
[ 17380 runs] L=98.2% depth=17 -> <bsg a=4.0, b=2.0, g=0.4, p=0.03> (I=0.01)
[ 17405 runs] L=96.7% depth=17 -> <bsg a=4.0, b=2.0, g=0.3, p=0.01> (I=0.00)
[ 17430 runs] L=95.9% depth=17 -> <bsg a=4.0, b=2.0, g=0.3, p=0.01> (I=0.00)
[ 17455 runs] L=97.4% depth=17 -> <bsg a=4.0, b=2.0, g=0.3, p=0.01> (I=0.00)
[ 17480 runs] L=97.0% depth=17 -> <bsg a=4.0, b=2.0, g=0.4, p=0.03> (I=0.00)
[ 17505 runs] L=96.7% depth=17 -> <bsg a=4.0, b=2.0, g=0.3, p=0.01> (I=0.00)
[ 17530 runs] L=96.7% depth=17 -> <bsg a=4.0, b=2.0, g=0.3, p=0.01> (I=0.00)
[ 17555 runs] L=98.0% depth=17 -> <bsg a=4.0, b=2.0, g=0.3, p=0.01> (I=0.00)
[ 17580 runs] L=97.0% depth=17 -> <bsg a=4.0, b=2.0, g=0.3, p=0.01> (I=0.00)
[ 17605 runs] L=98.2% depth=17 -> <bsg a=4.0, b=2.0, g=0.4, p=0.03> (I=0.00)
[ 17630 runs] L=96.2% depth=17 -> <bsg a=4.0, b=2.0, g=0.3, p=0.01> (I=0.00)
[ 17655 runs] L=97.0% depth=17 -> <bsg a=4.0, b=2.0, g=0.3, p=0.01> (I=0.01)
[ 17680 runs] L=98.0% depth=17 -> <bsg a=4.0, b=2.0, g=0.3, p=0.01> (I=0.00)
[ 17705 runs] L=98.5% depth=17 -> <bsg a=4.0, b=2.0, g=0.3, p=0.01> (I=0.00)
[ 17730 runs] L=96.2% depth=17 -> <bsg a=4.0, b=2.0, g=0.3, p=0.01> (I=0.00)
[ 17755 runs] L=96.0% depth=17 -> <bsg a=4.0, b=2.0, g=0.3, p=0.01> (I=0.00)
[ 17780 runs] L=96.2% depth=17 -> <bsg a=4.0, b=2.0, g=0.3, p=0.01> (I=0.00)
[ 17805 runs] L=96.8% depth=17 -> <bsg a=4.0, b=2.0, g=0.3, p=0.01> (I=0.00)
[ 17830 runs] L=96.8% depth=17 -> <bsg a=4.0, b=2.0, g=0.3, p=0.01> (I=0.00)
[ 17855 runs] L=97.2% depth=17 -> <bsg a=4.0, b=2.0, g=0.3, p=0.01> (I=0.00)
[ 17880 runs] L=95.2% depth=17 -> <bsg a=4.0, b=2.0, g=0.3, p=0.01> (I=0.01)
[ 17905 runs] L=95.8% depth=17 -> <bsg a=4.0, b=2.0, g=0.3, p=0.01> (I=0.00)
[ 17930 runs] L=97.5% depth=17 -> <bsg a=4.0, b=2.0, g=0.3, p=0.01> (I=0.04)
[ 17955 runs] L=95.2% depth=17 -> <bsg a=4.0, b=2.0, g=0.3, p=0.01> (I=0.00)
[ 17980 runs] L=96.2% depth=17 -> <bsg a=4.0, b=2.0, g=0.3, p=0.01> (I=0.00)
[ 18005 runs] L=96.2% depth=17 -> <bsg a=4.0, b=2.0, g=0.3, p=0.01> (I=0.01)
[ 18030 runs] L=95.0% depth=17 -> <bsg a=4.0, b=2.0, g=0.3, p=0.01> (I=0.01)
[ 18055 runs] L=98.2% depth=17 -> <bsg a=4.0, b=2.0, g=0.3, p=0.01> (I=0.00)
[ 18080 runs] L=95.8% depth=17 -> <bsg a=4.0, b=2.0, g=0.3, p=0.01> (I=0.00)
[ 18105 runs] L=94.8% depth=17 -> <bsg a=4.0, b=2.0, g=0.4, p=0.02> (I=1.00)
[ 18130 runs] L=96.2% depth=17 -> <bsg a=4.0, b=2.0, g=0.3, p=0.01> (I=0.01)
[ 18155 runs] L=98.2% depth=17 -> <bsg a=4.0, b=2.0, g=0.3, p=0.01> (I=0.02)
[ 18180 runs] L=97.0% depth=17 -> <bsg a=4.0, b=2.0, g=0.3, p=0.01> (I=0.01)
[ 18205 runs] L=98.2% depth=17 -> <bsg a=4.0, b=2.0, g=0.3, p=0.01> (I=0.00)
[ 18230 runs] L=99.0% depth=17 -> <bsg a=4.0, b=2.0, g=0.3, p=0.01> (I=0.01)
[ 18255 runs] L=97.5% depth=17 -> <bsg a=4.0, b=2.0, g=0.3, p=0.01> (I=0.00)
[ 18280 runs] L=99.0% depth=17 -> <bsg a=4.0, b=2.0, g=0.3, p=0.01> (I=0.01)
[ 18290 runs] L=98.2% depth=17 -> <bsg a=4.0, b=2.0, g=0.4, p=0.02> (I=0.00)
[ 18315 runs] L=99.0% depth=17 -> <bsg a=4.0, b=2.0, g=0.4, p=0.03> (I=0.01)
[ 18340 runs] L=98.8% depth=17 -> <bsg a=4.0, b=2.0, g=0.4, p=0.02> (I=0.00)
[ 18365 runs] L=100.0% depth=17 -> <bsg a=4.0, b=2.0, g=0.4, p=0.02> (I=0.00)
[ 18390 runs] L=98.8% depth=17 -> <bsg a=4.0, b=2.0, g=0.4, p=0.02> (I=0.00)
[ 18415 runs] L=99.5% depth=17 -> <bsg a=4.0, b=2.0, g=0.4, p=0.02> (I=0.00)
[ 18440 runs] L=99.5% depth=17 -> <bsg a=4.0, b=2.0, g=0.4, p=0.02> (I=0.00)
[ 18465 runs] L=100.0% depth=17 -> <bsg a=4.0, b=2.0, g=0.4, p=0.02> (I=0.00)
[ 18490 runs] L=99.8% depth=17 -> <bsg a=4.0, b=2.0, g=0.4, p=0.02> (I=0.00)
[ 18515 runs] L=99.2% depth=17 -> <bsg a=4.0, b=2.0, g=0.4, p=0.02> (I=0.00)
[ 18540 runs] L=98.5% depth=17 -> <bsg a=4.0, b=2.0, g=0.4, p=0.03> (I=0.02)
[ 18565 runs] L=98.8% depth=17 -> <bsg a=4.0, b=2.0, g=0.4, p=0.02> (I=0.00)
[ 18590 runs] L=99.0% depth=17 -> <bsg a=4.0, b=2.0, g=0.4, p=0.02> (I=0.00)
[ 18615 runs] L=100.0% depth=17 -> <bsg a=4.0, b=2.0, g=0.4, p=0.02> (I=0.00)
[ 18640 runs] L=100.0% depth=17 -> <bsg a=4.0, b=2.0, g=0.4, p=0.02> (I=0.00)
[ 18665 runs] L=100.0% depth=17 -> <bsg a=4.0, b=2.0, g=0.4, p=0.02> (I=0.00)
[ 18690 runs] L=100.0% depth=17 -> <bsg a=4.0, b=2.0, g=0.4, p=0.02> (I=0.00)
[ 18715 runs] L=100.0% depth=17 -> <bsg a=4.0, b=2.0, g=0.4, p=0.02> (I=0.00)
[ 18740 runs] L=100.0% depth=17 -> <bsg a=4.0, b=2.0, g=0.4, p=0.02> (I=0.00)
[ 18765 runs] L=100.0% depth=17 -> <bsg a=4.0, b=2.0, g=0.4, p=0.02> (I=0.00)
[ 18790 runs] L=100.0% depth=17 -> <bsg a=4.0, b=2.0, g=0.4, p=0.02> (I=0.00)
[ 18815 runs] L=100.0% depth=17 -> <bsg a=4.0, b=2.0, g=0.4, p=0.02> (I=0.00)
[ 18840 runs] L=100.0% depth=17 -> <bsg a=4.0, b=2.0, g=0.4, p=0.02> (I=0.00)
[ 18865 runs] L=100.0% depth=17 -> <bsg a=4.0, b=2.0, g=0.4, p=0.02> (I=0.00)
[ 18890 runs] L=100.0% depth=17 -> <bsg a=4.0, b=2.0, g=0.4, p=0.02> (I=0.00)
[ 18915 runs] L=100.0% depth=17 -> <bsg a=4.0, b=2.0, g=0.4, p=0.02> (I=0.00)
[ 18940 runs] L=100.0% depth=17 -> <bsg a=4.0, b=2.0, g=0.4, p=0.02> (I=0.00)
[ 18965 runs] L=100.0% depth=17 -> <bsg a=4.0, b=2.0, g=0.4, p=0.02> (I=0.00)
[ 18990 runs] L=100.0% depth=17 -> <bsg a=4.0, b=2.0, g=0.4, p=0.02> (I=0.00)
[ 19015 runs] L=100.0% depth=17 -> <bsg a=4.0, b=2.0, g=0.4, p=0.02> (I=0.00)
[ 19040 runs] L=99.8% depth=17 -> <bsg a=4.0, b=2.0, g=0.4, p=0.02> (I=0.00)
[ 19065 runs] L=100.0% depth=17 -> <bsg a=4.0, b=2.0, g=0.4, p=0.02> (I=0.00)
[ 19090 runs] L=100.0% depth=17 -> <bsg a=4.0, b=2.0, g=0.4, p=0.02> (I=0.00)
[ 19115 runs] L=100.0% depth=17 -> <bsg a=4.0, b=2.0, g=0.4, p=0.02> (I=0.00)
[ 19140 runs] L=100.0% depth=17 -> <bsg a=4.0, b=2.0, g=0.4, p=0.02> (I=0.00)
[ 19165 runs] L=100.0% depth=17 -> <bsg a=4.0, b=2.0, g=0.4, p=0.02> (I=0.00)
[ 19190 runs] L=100.0% depth=17 -> <bsg a=4.0, b=2.0, g=0.4, p=0.02> (I=0.00)
[ 19200 runs] L=100.0% depth=17 -> <bsg a=4.0, b=2.0, g=0.4, p=0.03> (I=0.00)
[ 19225 runs] L=100.0% depth=17 -> <bsg a=4.0, b=2.0, g=0.4, p=0.03> (I=0.00)
[ 19250 runs] L=100.0% depth=17 -> <bsg a=4.0, b=2.0, g=0.4, p=0.03> (I=0.00)
[ 19275 runs] L=100.0% depth=17 -> <bsg a=4.0, b=2.0, g=0.4, p=0.03> (I=0.00)
[ 19300 runs] L=100.0% depth=17 -> <bsg a=4.0, b=2.0, g=0.4, p=0.03> (I=0.00)
[ 19325 runs] L=100.0% depth=17 -> <bsg a=4.0, b=2.0, g=0.4, p=0.03> (I=0.00)
[ 19350 runs] L=100.0% depth=17 -> <bsg a=4.0, b=2.0, g=0.4, p=0.03> (I=0.00)
[ 19375 runs] L=100.0% depth=17 -> <bsg a=4.0, b=2.0, g=0.4, p=0.03> (I=0.00)
[ 19400 runs] L=100.0% depth=17 -> <bsg a=4.0, b=2.0, g=0.4, p=0.03> (I=0.00)
[ 19425 runs] L=100.0% depth=17 -> <bsg a=4.0, b=2.0, g=0.4, p=0.03> (I=0.00)
[ 19450 runs] L=100.0% depth=17 -> <bsg a=4.0, b=2.0, g=0.4, p=0.03> (I=0.00)
[ 19475 runs] L=100.0% depth=17 -> <bsg a=4.0, b=2.0, g=0.4, p=0.03> (I=0.00)
[ 19500 runs] L=100.0% depth=17 -> <bsg a=4.0, b=2.0, g=0.4, p=0.03> (I=0.00)
[ 19525 runs] L=100.0% depth=17 -> <bsg a=4.0, b=2.0, g=0.4, p=0.03> (I=0.00)
[ 19550 runs] L=100.0% depth=17 -> <bsg a=4.0, b=2.0, g=0.4, p=0.03> (I=0.00)
[ 19575 runs] L=100.0% depth=17 -> <bsg a=4.0, b=2.0, g=0.4, p=0.03> (I=0.00)
[ 19600 runs] L=100.0% depth=17 -> <bsg a=4.0, b=2.0, g=0.4, p=0.03> (I=0.00)
[ 19625 runs] L=100.0% depth=17 -> <bsg a=4.0, b=2.0, g=0.4, p=0.03> (I=0.00)
[ 19650 runs] L=100.0% depth=17 -> <bsg a=4.0, b=2.0, g=0.4, p=0.03> (I=0.00)
[ 19675 runs] L=100.0% depth=17 -> <bsg a=4.0, b=2.0, g=0.4, p=0.03> (I=0.00)
[ 19700 runs] L=100.0% depth=17 -> <bsg a=4.0, b=2.0, g=0.4, p=0.03> (I=0.00)
[ 19725 runs] L=100.0% depth=17 -> <bsg a=4.0, b=2.0, g=0.4, p=0.03> (I=0.00)
[ 19750 runs] L=100.0% depth=17 -> <bsg a=4.0, b=2.0, g=0.4, p=0.03> (I=0.00)
[ 19775 runs] L=100.0% depth=17 -> <bsg a=4.0, b=2.0, g=0.4, p=0.03> (I=0.00)
[ 19800 runs] L=100.0% depth=17 -> <bsg a=4.0, b=2.0, g=0.4, p=0.03> (I=0.00)
[ 19825 runs] L=100.0% depth=17 -> <bsg a=4.0, b=2.0, g=0.4, p=0.03> (I=0.00)
[ 19850 runs] L=100.0% depth=17 -> <bsg a=4.0, b=2.0, g=0.4, p=0.03> (I=0.00)
[ 19875 runs] L=100.0% depth=17 -> <bsg a=4.0, b=2.0, g=0.4, p=0.03> (I=0.00)
[ 19900 runs] L=100.0% depth=17 -> <bsg a=4.0, b=2.0, g=0.4, p=0.03> (I=0.00)
[ 19925 runs] L=100.0% depth=17 -> <bsg a=4.0, b=2.0, g=0.4, p=0.03> (I=0.00)
[ 19950 runs] L=100.0% depth=17 -> <bsg a=4.0, b=2.0, g=0.4, p=0.03> (I=0.00)
[ 19975 runs] L=100.0% depth=17 -> <bsg a=4.0, b=2.0, g=0.4, p=0.03> (I=0.00)
[ 20000 runs] L=100.0% depth=17 -> <bsg a=4.0, b=2.0, g=0.4, p=0.03> (I=0.00)
[ 20025 runs] L=100.0% depth=17 -> <bsg a=4.0, b=2.0, g=0.4, p=0.03> (I=0.00)
[ 20050 runs] L=100.0% depth=17 -> <bsg a=4.0, b=2.0, g=0.4, p=0.03> (I=0.00)
[ 20075 runs] L=100.0% depth=17 -> <bsg a=4.0, b=2.0, g=0.4, p=0.03> (I=0.00)
[ 20100 runs] L=100.0% depth=17 -> <bsg a=4.0, b=2.0, g=0.4, p=0.03> (I=0.00)
[ 20125 runs] L=100.0% depth=17 -> <bsg a=4.0, b=2.0, g=0.4, p=0.03> (I=0.00)
[ 20150 runs] L=100.0% depth=17 -> <bsg a=4.0, b=2.0, g=0.4, p=0.03> (I=0.00)
[ 20175 runs] L=100.0% depth=17 -> <bsg a=4.0, b=2.0, g=0.4, p=0.03> (I=0.00)
[ 20200 runs] L=100.0% depth=17 -> <bsg a=4.0, b=2.0, g=0.4, p=0.03> (I=0.00)
[ 20225 runs] L=100.0% depth=17 -> <bsg a=4.0, b=2.0, g=0.4, p=0.03> (I=0.00)
[ 20250 runs] L=100.0% depth=17 -> <bsg a=4.0, b=2.0, g=0.4, p=0.03> (I=0.00)
[ 20275 runs] L=100.0% depth=17 -> <bsg a=4.0, b=2.0, g=0.4, p=0.03> (I=0.00)
[ 20300 runs] L=100.0% depth=17 -> <bsg a=4.0, b=2.0, g=0.4, p=0.03> (I=0.00)
[ 20325 runs] L=100.0% depth=17 -> <bsg a=4.0, b=2.0, g=0.4, p=0.03> (I=0.00)
[ 20335 runs] L=100.0% depth=17 -> <bsg a=4.0, b=2.0, g=0.4, p=0.04> (I=0.00)
[ 20360 runs] L=100.0% depth=17 -> <bsg a=4.0, b=2.0, g=0.4, p=0.04> (I=0.00)
[ 20385 runs] L=100.0% depth=17 -> <bsg a=4.0, b=2.0, g=0.4, p=0.04> (I=0.00)
[ 20410 runs] L=100.0% depth=17 -> <bsg a=4.0, b=2.0, g=0.4, p=0.04> (I=0.00)
[ 20435 runs] L=100.0% depth=17 -> <bsg a=4.0, b=2.0, g=0.4, p=0.04> (I=0.00)
[ 20460 runs] L=100.0% depth=17 -> <bsg a=4.0, b=2.0, g=0.4, p=0.04> (I=0.00)
[ 20485 runs] L=100.0% depth=17 -> <bsg a=4.0, b=2.0, g=0.4, p=0.04> (I=0.00)
[ 20510 runs] L=100.0% depth=17 -> <bsg a=4.0, b=2.0, g=0.4, p=0.04> (I=0.00)
[ 20535 runs] L=100.0% depth=17 -> <bsg a=4.0, b=2.0, g=0.4, p=0.04> (I=0.00)
[ 20560 runs] L=100.0% depth=17 -> <bsg a=4.0, b=2.0, g=0.4, p=0.04> (I=0.00)
[ 20585 runs] L=100.0% depth=17 -> <bsg a=4.0, b=2.0, g=0.4, p=0.04> (I=0.00)
[ 20610 runs] L=100.0% depth=17 -> <bsg a=4.0, b=2.0, g=0.4, p=0.04> (I=0.00)
[ 20635 runs] L=100.0% depth=17 -> <bsg a=4.0, b=2.0, g=0.4, p=0.04> (I=0.00)
[ 20660 runs] L=100.0% depth=17 -> <bsg a=4.0, b=2.0, g=0.4, p=0.04> (I=0.00)
[ 20685 runs] L=100.0% depth=17 -> <bsg a=4.0, b=2.0, g=0.4, p=0.04> (I=0.00)
[ 20710 runs] L=100.0% depth=17 -> <bsg a=4.0, b=2.0, g=0.4, p=0.04> (I=0.00)
[ 20735 runs] L=100.0% depth=17 -> <bsg a=4.0, b=2.0, g=0.4, p=0.04> (I=0.00)
[ 20760 runs] L=100.0% depth=17 -> <bsg a=4.0, b=2.0, g=0.4, p=0.04> (I=0.00)
[ 20785 runs] L=100.0% depth=17 -> <bsg a=4.0, b=2.0, g=0.4, p=0.04> (I=0.00)
[ 20810 runs] L=100.0% depth=17 -> <bsg a=4.0, b=2.0, g=0.4, p=0.04> (I=0.00)
[ 20835 runs] L=100.0% depth=17 -> <bsg a=4.0, b=2.0, g=0.4, p=0.04> (I=0.00)
[ 20860 runs] L=100.0% depth=17 -> <bsg a=4.0, b=2.0, g=0.4, p=0.04> (I=0.00)
[ 20885 runs] L=100.0% depth=17 -> <bsg a=4.0, b=2.0, g=0.4, p=0.04> (I=0.00)
[ 20910 runs] L=100.0% depth=17 -> <bsg a=4.0, b=2.0, g=0.4, p=0.04> (I=0.00)
[ 20935 runs] L=100.0% depth=17 -> <bsg a=4.0, b=2.0, g=0.4, p=0.04> (I=0.00)
[ 20960 runs] L=100.0% depth=17 -> <bsg a=4.0, b=2.0, g=0.4, p=0.04> (I=0.00)
[ 20985 runs] L=100.0% depth=17 -> <bsg a=4.0, b=2.0, g=0.4, p=0.04> (I=0.00)
[ 21010 runs] L=100.0% depth=17 -> <bsg a=4.0, b=2.0, g=0.4, p=0.04> (I=0.00)
[ 21035 runs] L=100.0% depth=17 -> <bsg a=4.0, b=2.0, g=0.4, p=0.04> (I=0.00)
[ 21060 runs] L=100.0% depth=17 -> <bsg a=4.0, b=2.0, g=0.4, p=0.04> (I=0.00)
[ 21085 runs] L=100.0% depth=17 -> <bsg a=4.0, b=2.0, g=0.4, p=0.04> (I=0.00)
[ 21110 runs] L=100.0% depth=17 -> <bsg a=4.0, b=2.0, g=0.4, p=0.04> (I=0.00)
[ 21135 runs] L=100.0% depth=17 -> <bsg a=4.0, b=2.0, g=0.4, p=0.04> (I=0.00)
[ 21160 runs] L=100.0% depth=17 -> <bsg a=4.0, b=2.0, g=0.4, p=0.04> (I=0.00)
[ 21185 runs] L=100.0% depth=17 -> <bsg a=4.0, b=2.0, g=0.4, p=0.04> (I=0.00)
[ 21210 runs] L=100.0% depth=17 -> <bsg a=4.0, b=2.0, g=0.4, p=0.04> (I=0.00)
[ 21235 runs] L=100.0% depth=17 -> <bsg a=4.0, b=2.0, g=0.4, p=0.04> (I=0.00)
[ 21260 runs] L=100.0% depth=17 -> <bsg a=4.0, b=2.0, g=0.4, p=0.04> (I=0.00)
[ 21285 runs] L=100.0% depth=17 -> <bsg a=4.0, b=2.0, g=0.4, p=0.04> (I=0.00)
[ 21310 runs] L=100.0% depth=17 -> <bsg a=4.0, b=2.0, g=0.4, p=0.04> (I=0.00)
[ 21335 runs] L=100.0% depth=17 -> <bsg a=4.0, b=2.0, g=0.4, p=0.04> (I=0.00)
[ 21360 runs] L=100.0% depth=17 -> <bsg a=4.0, b=2.0, g=0.4, p=0.04> (I=0.00)
[ 21385 runs] L=100.0% depth=17 -> <bsg a=4.0, b=2.0, g=0.4, p=0.04> (I=0.00)
[ 21410 runs] L=100.0% depth=17 -> <bsg a=4.0, b=2.0, g=0.4, p=0.04> (I=0.00)
[ 21435 runs] L=100.0% depth=17 -> <bsg a=4.0, b=2.0, g=0.4, p=0.04> (I=0.00)
[ 21460 runs] L=100.0% depth=17 -> <bsg a=4.0, b=2.0, g=0.4, p=0.04> (I=0.00)
[ 21485 runs] L=100.0% depth=17 -> <bsg a=4.0, b=2.0, g=0.4, p=0.04> (I=0.00)
[ 21510 runs] L=100.0% depth=17 -> <bsg a=4.0, b=2.0, g=0.4, p=0.04> (I=0.00)
[ 21535 runs] L=100.0% depth=17 -> <bsg a=4.0, b=2.0, g=0.4, p=0.04> (I=0.00)
[ 21560 runs] L=100.0% depth=17 -> <bsg a=4.0, b=2.0, g=0.4, p=0.04> (I=0.00)
[ 21585 runs] L=100.0% depth=17 -> <bsg a=4.0, b=2.0, g=0.4, p=0.04> (I=0.00)
[ 21610 runs] L=100.0% depth=17 -> <bsg a=4.0, b=2.0, g=0.4, p=0.04> (I=0.00)
[ 21635 runs] L=100.0% depth=17 -> <bsg a=4.0, b=2.0, g=0.4, p=0.04> (I=0.00)
[ 21660 runs] L=100.0% depth=17 -> <bsg a=4.0, b=2.0, g=0.4, p=0.04> (I=0.00)
[ 21685 runs] L=100.0% depth=17 -> <bsg a=4.0, b=2.0, g=0.4, p=0.04> (I=0.00)
[ 21710 runs] L=100.0% depth=17 -> <bsg a=4.0, b=2.0, g=0.4, p=0.04> (I=0.00)
[ 21735 runs] L=100.0% depth=17 -> <bsg a=4.0, b=2.0, g=0.4, p=0.04> (I=0.00)
[ 21745 runs] L=100.0% depth=17 -> None (I=0.00)

(4.0, 2.0, 0.4, 0.01)  (likelihood 100%, 21745 runs vs 21000 sequential, 745 wasted)
  runs            = 21745
  sequential_runs = 21000
  speedup         = 0.97x
  likelihood      = 1.0000
  wasted_runs     = 745
  wall            = 24.74 h
  log -> /home/iaraya/sepeculative_experiments/T4exps_clean/runs/stage3_exact_history.csv
